// Jest Snapshot v1, https://goo.gl/fbAQLP

exports[`Login redirect page matches the last accepted Snapshot 1`] = `
<Relay(DefaultLayout)
  session={
    Object {
      " $fragmentRefs": Object {
        "defaultLayout_session": true,
      },
      "ciipUserBySub": Object {
        "id": "sjkdfh",
      },
    }
  }
  title="Submission Certification"
>
  <Row
    noGutters={false}
  >
    <Col
      md={
        Object {
          "offset": 3,
          "span": 6,
        }
      }
    >
      <h2
        className="blue"
      >
        Your certification is requested.
      </h2>
      <p>
        <strong>
          Old MacDonald
        </strong>
         on behalf of
         
        <strong>
          MacDonald's Agriculture Ltd.
        </strong>
        , for facility
         
        <strong>
          Farm
        </strong>
         has requested that you review, certify, and approve the information contained in this CIIP application.
      </p>
      <p>
        Please continue to the certification page.
      </p>
      <Col
        md={
          Object {
            "offset": 1,
            "span": 5,
          }
        }
      >
        <Button
          active={false}
          disabled={false}
          onClick={[Function]}
          type="button"
          variant="primary"
        >
          Continue
        </Button>
      </Col>
    </Col>
  </Row>
  <style>
    
          h2 {
            margin-bottom: 20px;
          }
        
  </style>
</Relay(DefaultLayout)>
`;
