// Jest Snapshot v1, https://goo.gl/fbAQLP

exports[`NaicsCodeTable should match the snapshot with the NaicsCodeTable container 1`] = `
<Fragment>
  <div
    className="jsx-1364320900"
    style={
      Object {
        "textAlign": "right",
      }
    }
  >
    <Button
      active={false}
      disabled={false}
      onClick={[Function]}
      style={
        Object {
          "marginTop": "-100px",
        }
      }
      variant="primary"
    >
      New Naics Code
    </Button>
  </div>
  <CreateNaicsCodeModal
    onClose={[Function]}
    onSubmit={[Function]}
    show={false}
    validated={false}
  />
  <ForwardRef
    bordered={true}
    hover={true}
    striped={true}
  >
    <thead
      className="jsx-1364320900"
    >
      <tr
        className="jsx-1364320900"
      >
        <th
          className="jsx-1364320900"
          scope="col"
        >
          NAICS Code
        </th>
        <th
          className="jsx-1364320900"
          scope="col"
        >
          CIIP Sector
        </th>
        <th
          className="jsx-1364320900"
          scope="col"
        >
          NAICS Description
        </th>
        <th
          className="jsx-1364320900"
        />
      </tr>
    </thead>
    <tbody
      className="jsx-1364320900"
    >
      <Relay(NaicsCodeTableRowContainer)
        connectionId="abc"
        key="abc"
        naicsCode={
          Object {
            " $fragmentRefs": Object {
              "NaicsCodeTableRow_naicsCode": true,
            },
            "id": "abc",
          }
        }
      />
    </tbody>
  </ForwardRef>
  <JSXStyle
    id="1364320900"
  >
    .table thead th{color:white;background:#003366;}
  </JSXStyle>
</Fragment>
`;
