// Jest Snapshot v1, https://goo.gl/fbAQLP

exports[`ProductList should render the product list 1`] = `
<FilterableTable
  body={
    <tbody>
      <Relay(ProductRowItemComponent)
        product={
          Object {
            " $fragmentRefs": Object {
              "ProductRowItemContainer_product": true,
            },
            "id": "abc",
          }
        }
        query={
          Object {
            " $fragmentRefs": Object {
              "ProductRowItemContainer_query": true,
            },
            " $refType": null,
            "allProducts": Object {
              "edges": Array [
                Object {
                  "node": Object {
                    " $fragmentRefs": Object {
                      "ProductRowItemContainer_product": true,
                    },
                    "id": "abc",
                  },
                },
              ],
              "totalCount": 1,
            },
          }
        }
      />
    </tbody>
  }
  filters={
    Array [
      TextFilter {
        "Component": [Function],
        "argName": "product_name",
        "castValue": [Function],
        "hasTableHeader": true,
        "isSearchEnabled": true,
        "isSortEnabled": true,
        "sortColumnName": "product_name",
        "title": "Product",
      },
      DisplayOnlyFilter {
        "Component": [Function],
        "argName": undefined,
        "castValue": [Function],
        "hasTableHeader": true,
        "isSearchEnabled": false,
        "isSortEnabled": false,
        "sortColumnName": undefined,
        "title": "Settings",
      },
      SortOnlyFilter {
        "Component": [Function],
        "argName": "updated_at",
        "castValue": [Function],
        "hasTableHeader": true,
        "isSearchEnabled": false,
        "isSortEnabled": true,
        "sortColumnName": "updated_at",
        "title": "Modified (Y/M/D)",
      },
      NumberFilter {
        "Component": [Function],
        "argName": "current_benchmark",
        "castValue": [Function],
        "hasTableHeader": true,
        "isSearchEnabled": true,
        "isSortEnabled": true,
        "sortColumnName": "current_benchmark",
        "title": "Benchmark",
      },
      NumberFilter {
        "Component": [Function],
        "argName": "current_eligibility_threshold",
        "castValue": [Function],
        "hasTableHeader": true,
        "isSearchEnabled": true,
        "isSortEnabled": true,
        "sortColumnName": "current_eligibility_threshold",
        "title": "Eligibility Threshold",
      },
      YesNoFilter {
        "Component": [Function],
        "argName": "requires_emission_allocation",
        "castValue": [Function],
        "enumValues": Array [
          true,
          false,
        ],
        "hasTableHeader": true,
        "isSearchEnabled": true,
        "isSortEnabled": true,
        "renderEnumValue": [Function],
        "searchOptionValues": Array [
          Object {
            "display": "Yes",
            "value": true,
          },
          Object {
            "display": "No",
            "value": false,
          },
        ],
        "sortColumnName": "requires_emission_allocation",
        "title": "Allocation of Emissions",
      },
      YesNoFilter {
        "Component": [Function],
        "argName": "is_ciip_product",
        "castValue": [Function],
        "enumValues": Array [
          true,
          false,
        ],
        "hasTableHeader": true,
        "isSearchEnabled": true,
        "isSortEnabled": true,
        "renderEnumValue": [Function],
        "searchOptionValues": Array [
          Object {
            "display": "Yes",
            "value": true,
          },
          Object {
            "display": "No",
            "value": false,
          },
        ],
        "sortColumnName": "is_ciip_product",
        "title": "CIIP Benchmarked",
      },
      EnumFilter {
        "Component": [Function],
        "argName": "product_state",
        "castValue": [Function],
        "enumValues": Array [
          "ARCHIVED",
          "DRAFT",
          "PUBLISHED",
        ],
        "hasTableHeader": true,
        "isSearchEnabled": true,
        "isSortEnabled": true,
        "renderEnumValue": [Function],
        "searchOptionValues": Array [
          Object {
            "display": "ARCHIVED",
            "value": "ARCHIVED",
          },
          Object {
            "display": "DRAFT",
            "value": "DRAFT",
          },
          Object {
            "display": "PUBLISHED",
            "value": "PUBLISHED",
          },
        ],
        "sortColumnName": "product_state",
        "title": "Status",
      },
      NoHeaderFilter {
        "Component": [Function],
        "argName": null,
        "castValue": [Function],
        "hasTableHeader": false,
        "isSearchEnabled": false,
        "isSortEnabled": false,
        "sortColumnName": null,
        "title": null,
      },
    ]
  }
  paginated={true}
  totalCount={1}
/>
`;
