// Jest Snapshot v1, https://goo.gl/fbAQLP

exports[`ProductList should render the product list 1`] = `
<SearchTableLayoutComponent
  body={
    <tbody>
      <ForwardRef(Relay(ProductRowItemComponent))
        product={
          Object {
            "id": "abc",
          }
        }
        userRowId={1}
      />
    </tbody>
  }
  displayNameToColumnNameMap={
    Object {
      "Benchmark": "benchmark",
      "Elig. Threshold": "eligibility_threshold",
      "Product": "name",
      "Status": "state",
      "Units": "units",
    }
  }
/>
`;
