// Jest Snapshot v1, https://goo.gl/fbAQLP

exports[`ApplicationDetailsPdf should render application pdf donwload link 1`] = `
<PDFDownloadLink
  className="btn btn-primary"
  document={
    <DOCUMENT>
      <PAGE
        size="A4"
        style={
          Object {
            "paddingBottom": 40,
            "paddingTop": 20,
          }
        }
        wrap={true}
      >
        <styled.VIEW>
          <IMAGE
            src="/static/bcid.png"
            style={
              Object {
                "margin": "auto",
                "width": 150,
              }
            }
          />
          <TEXT>
            Application for CleanBC Industrial Incentive Program
          </TEXT>
        </styled.VIEW>
        <styled.VIEW>
          <styled.VIEW>
            <styled.VIEW>
              <TEXT
                style={
                  Object {
                    "fontSize": 12,
                    "margin": "10px 0 20px",
                  }
                }
              >
                Reporting Year: 
                2019
              </TEXT>
            </styled.VIEW>
            <styled.VIEW>
              <TEXT
                style={
                  Object {
                    "fontSize": 12,
                    "margin": "10px 0 20px",
                  }
                }
              >
                Status:
                 
                SUBMITTED
              </TEXT>
            </styled.VIEW>
          </styled.VIEW>
          <styled.VIEW>
            <styled.VIEW>
              <VIEW
                style={
                  Object {
                    "fontSize": 12,
                    "lineHeight": 1.3,
                  }
                }
              >
                <TEXT
                  style={
                    Object {
                      "borderBottom": 1,
                      "lineHeight": 1.5,
                      "marginBottom": 10,
                    }
                  }
                >
                  Operator
                </TEXT>
                <TEXT>
                  nostrud
                </TEXT>
                <TEXT>
                   
                  sit
                </TEXT>
                <TEXT>
                   
                  non sint exercitati
                  ,
                   
                  British Columbia
                </TEXT>
                <TEXT>
                   
                  O3F 0H5
                </TEXT>
              </VIEW>
            </styled.VIEW>
            <styled.VIEW>
              <VIEW
                style={
                  Object {
                    "fontSize": 12,
                    "lineHeight": 1.3,
                  }
                }
              >
                <TEXT
                  style={
                    Object {
                      "borderBottom": 1,
                      "lineHeight": 1.5,
                      "marginBottom": 10,
                    }
                  }
                >
                  Facility
                </TEXT>
                <TEXT>
                  Forest Floor
                </TEXT>
                <TEXT>
                  Evergreen Street Northwest
                  

                  Oak Grove
                  , 
                  British Columbia
                  ,
                   
                  Canada
                  

                  V1C6T8
                </TEXT>
              </VIEW>
            </styled.VIEW>
          </styled.VIEW>
          <VIEW>
            <TEXT
              style={
                Object {
                  "borderBottom": 1,
                  "fontSize": 16,
                  "paddingBottom": 10,
                }
              }
            >
              

              Admin
            </TEXT>
            <Form
              ArrayFieldTemplate={[Function]}
              ErrorList={[Function]}
              FieldTemplate={[Function]}
              ObjectFieldTemplate={[Function]}
              disabled={false}
              fields={
                Object {
                  "StringField": [Function],
                  "emissionGas": [Function],
                  "emissionSource": [Function],
                  "production": [Function],
                }
              }
              formData={
                Object {
                  "facility": Object {
                    "bcghgid": "pariatu",
                    "facilityLocation": Object {
                      "latitude": -20048237.410919428,
                      "locationNearestCity": "nisi sunt et",
                      "locationStreetAddress": "ullamco ut dolore",
                      "longitude": -44568984.42431672,
                    },
                    "facilityName": "Lorem labore",
                    "facilityType": "EIO",
                    "isFacilityLocationDifferent": true,
                    "mailingAddress": Object {
                      "city": "consectetur pariatur elit",
                      "postalCode": "H0H 1M0",
                      "province": "Nunavut",
                      "streetAddress": "tempor magna irure Lorem occaecat",
                    },
                    "naics": "non incididunt Lorem es",
                  },
                  "operationalRepresentative": Object {
                    "email": "culpa esse pariatur dolore eiusmod",
                    "fax": "incididunt adipisicing do",
                    "firstName": "occaecat",
                    "lastName": "aute nulla",
                    "mailingAddress": Object {
                      "city": "sit Duis",
                      "postalCode": "M3W 9E5",
                      "province": "Ontario",
                      "streetAddress": "deserunt sed amet",
                    },
                    "phone": "cillum",
                    "position": "eu pariatur proident ad do",
                  },
                  "operator": Object {
                    "bcCorporateRegistryNumber": "anim dolore",
                    "duns": "282238814",
                    "mailingAddress": Object {
                      "city": "non sint exercitati",
                      "postalCode": "O3F 0H5",
                      "province": "British Columbia",
                      "streetAddress": "sit",
                    },
                    "naics": "sed dolor anim aliquip",
                    "name": "nostrud",
                    "tradeName": "proident",
                  },
                }
              }
              liveValidate={false}
              noHtml5Validate={false}
              noValidate={false}
              omitExtraData={true}
              safeRenderCompletion={false}
              schema={
                Object {
                  "definitions": Object {
                    "address": Object {
                      "properties": Object {
                        "city": Object {
                          "title": "City",
                          "type": "string",
                        },
                        "postalCode": Object {
                          "format": "postal-code",
                          "title": "Postal Code",
                          "type": "string",
                        },
                        "province": Object {
                          "enum": Array [
                            "Alberta",
                            "British Columbia",
                            "Manitoba",
                            "New Brunswick",
                            "Newfoundland and Labrador",
                            "Northwest Territories",
                            "Nova Scotia",
                            "Nunavut",
                            "Ontario",
                            "Prince Edward Island",
                            "Quebec",
                            "Saskatchewan",
                            "Yukon",
                          ],
                          "title": "Province or Territory",
                          "type": "string",
                        },
                        "streetAddress": Object {
                          "title": "Street address",
                          "type": "string",
                        },
                      },
                      "type": "object",
                    },
                  },
                  "properties": Object {
                    "facility": Object {
                      "dependencies": Object {
                        "isFacilityLocationDifferent": Object {
                          "oneOf": Array [
                            Object {
                              "properties": Object {
                                "isFacilityLocationDifferent": Object {
                                  "const": false,
                                },
                              },
                            },
                            Object {
                              "properties": Object {
                                "facilityLocation": Object {
                                  "properties": Object {
                                    "latitude": Object {
                                      "title": "Latitude",
                                      "type": "number",
                                    },
                                    "locationNearestCity": Object {
                                      "title": "Nearest City",
                                      "type": "string",
                                    },
                                    "locationStreetAddress": Object {
                                      "title": "Location of the facility",
                                      "type": "string",
                                    },
                                    "longitude": Object {
                                      "title": "Longitude",
                                      "type": "number",
                                    },
                                  },
                                  "title": "Facility Location",
                                  "type": "object",
                                },
                                "isFacilityLocationDifferent": Object {
                                  "const": true,
                                },
                              },
                            },
                          ],
                        },
                      },
                      "properties": Object {
                        "bcghgid": Object {
                          "title": "BCGHG ID Number",
                          "type": "string",
                        },
                        "facilityName": Object {
                          "title": "Facility Name",
                          "type": "string",
                        },
                        "facilityType": Object {
                          "enum": Array [
                            "IF_a",
                            "IF_b",
                            "L_c",
                            "SFO",
                            "LFO",
                            "EIO",
                          ],
                          "title": "Facility Type",
                          "type": "string",
                        },
                        "isFacilityLocationDifferent": Object {
                          "enumNames": Array [
                            " Yes",
                            " No",
                          ],
                          "title": "Is the facility location different from the mailing address?",
                          "type": "boolean",
                        },
                        "mailingAddress": Object {
                          "$ref": "#/definitions/address",
                          "title": "Facility Mailing Address",
                        },
                        "naics": Object {
                          "title": "NAICS Code",
                          "type": "string",
                        },
                      },
                      "title": "Facility Information",
                      "type": "object",
                    },
                    "operationalRepresentative": Object {
                      "properties": Object {
                        "email": Object {
                          "title": "Email Address",
                          "type": "string",
                        },
                        "fax": Object {
                          "title": "Fax Number",
                          "type": "string",
                        },
                        "firstName": Object {
                          "title": "First Name",
                          "type": "string",
                        },
                        "lastName": Object {
                          "title": "Last Name",
                          "type": "string",
                        },
                        "mailingAddress": Object {
                          "$ref": "#/definitions/address",
                          "title": "Operational Representative Mailing Address",
                        },
                        "phone": Object {
                          "title": "Telephone Number",
                          "type": "string",
                        },
                        "position": Object {
                          "title": "Position/Title",
                          "type": "string",
                        },
                      },
                      "title": "Operational Representative",
                      "type": "object",
                    },
                    "operator": Object {
                      "properties": Object {
                        "bcCorporateRegistryNumber": Object {
                          "title": "BC Corporate Registry number",
                          "type": "string",
                        },
                        "duns": Object {
                          "format": "duns",
                          "title": "DUNS number",
                          "type": "string",
                        },
                        "mailingAddress": Object {
                          "$ref": "#/definitions/address",
                          "title": "Operator Mailing Address",
                        },
                        "naics": Object {
                          "title": "NAICS code",
                          "type": "string",
                        },
                        "name": Object {
                          "title": "Legal name",
                          "type": "string",
                        },
                        "tradeName": Object {
                          "title": "Trade name",
                          "type": "string",
                        },
                      },
                      "title": "Operator Information",
                      "type": "object",
                    },
                  },
                  "type": "object",
                }
              }
              showErrorList={false}
              tagName={[Function]}
              uiSchema={
                Object {
                  "facility": Object {
                    "facilityLocation": Object {
                      "ui:order": Array [
                        "locationStreetAddress",
                        "locationNearestCity",
                        "latitude",
                        "longitute",
                      ],
                    },
                    "isFacilityLocationDifferent": Object {
                      "ui:widget": "radio",
                    },
                    "mailingAddress": Object {
                      "ui:order": Array [
                        "streetAddress",
                        "city",
                        "postalCode",
                        "province",
                      ],
                    },
                    "ui:order": Array [
                      "facilityName",
                      "facilityType",
                      "bcghgid",
                      "naics",
                      "mailingAddress",
                      "isFacilityLocationDifferent",
                      "facilityLocation",
                    ],
                  },
                  "operationalRepresentative": Object {
                    "mailingAddress": Object {
                      "ui:order": Array [
                        "streetAddress",
                        "city",
                        "postalCode",
                        "province",
                      ],
                    },
                    "ui:order": Array [
                      "firstName",
                      "lastName",
                      "position",
                      "email",
                      "phone",
                      "fax",
                      "mailingAddress",
                    ],
                  },
                  "operator": Object {
                    "bcCorporateRegistryNumber": Object {
                      "ui:col-md": 4,
                    },
                    "duns": Object {
                      "ui:col-md": 4,
                    },
                    "mailingAddress": Object {
                      "ui:order": Array [
                        "streetAddress",
                        "city",
                        "postalCode",
                        "province",
                      ],
                    },
                    "naics": Object {
                      "ui:col-md": 4,
                    },
                    "ui:order": Array [
                      "name",
                      "tradeName",
                      "naics",
                      "bcCorporateRegistryNumber",
                      "duns",
                      "mailingAddress",
                    ],
                  },
                  "ui:order": Array [
                    "operator",
                    "operationalRepresentative",
                    "facility",
                  ],
                }
              }
              widgets={
                Object {
                  "RadioWidget": [Function],
                }
              }
            >
              <VIEW />
            </Form>
          </VIEW>
          <VIEW>
            <TEXT
              style={
                Object {
                  "borderBottom": 1,
                  "fontSize": 16,
                  "paddingBottom": 10,
                }
              }
            >
              

              Emission
            </TEXT>
            <Form
              ArrayFieldTemplate={[Function]}
              ErrorList={[Function]}
              FieldTemplate={[Function]}
              ObjectFieldTemplate={[Function]}
              disabled={false}
              fields={
                Object {
                  "StringField": [Function],
                  "emissionGas": [Function],
                  "emissionSource": [Function],
                  "production": [Function],
                }
              }
              formData={
                Object {
                  "sourceTypes": Array [
                    Object {
                      "gases": Array [
                        Object {
                          "annualCO2e": 46177374.92014432,
                          "annualEmission": 23993730.688808143,
                          "gasDescription": "ut non",
                          "gasType": "aliqua qui",
                          "gwp": -26323532.768558785,
                        },
                      ],
                      "sourceTypeName": "eu officia",
                    },
                    Object {
                      "gases": Array [
                        Object {
                          "annualCO2e": 85962721.53210652,
                          "annualEmission": 90398571.38851303,
                          "gasDescription": "est Except",
                          "gasType": "officia commodo laborum",
                          "gwp": 27662474.378098384,
                        },
                        Object {
                          "annualCO2e": -80207565.73241413,
                          "annualEmission": -82102071.00728737,
                          "gasDescription": "exercitation",
                          "gasType": "veniam Ut non aliquip deserunt",
                          "gwp": -47928287.391020864,
                        },
                        Object {
                          "annualCO2e": -18776735.214117542,
                          "annualEmission": -77562182.33703431,
                          "gasDescription": "elit tempor ut",
                          "gasType": "nisi",
                          "gwp": -77004224.11591385,
                        },
                        Object {
                          "annualCO2e": -76963192.97537988,
                          "annualEmission": 75010216.52671006,
                          "gasDescription": "sit Excepteur",
                          "gasType": "consequat cillum sit dolor non",
                          "gwp": 15541756.095977366,
                        },
                        Object {
                          "annualCO2e": -47054352.26755559,
                          "annualEmission": 66650668.02790466,
                          "gasDescription": "laborum ",
                          "gasType": "voluptate in anim",
                          "gwp": 54246858.88880023,
                        },
                      ],
                      "sourceTypeName": "qui aliqua",
                    },
                    Object {
                      "gases": Array [
                        Object {
                          "annualCO2e": 17016423.808130592,
                          "annualEmission": 1870026.0343758017,
                          "gasDescription": "culpa tempor",
                          "gasType": "nisi Excepteur cillum consequ",
                          "gwp": 95226250.39504388,
                        },
                        Object {
                          "annualCO2e": 87703289.47047293,
                          "annualEmission": 43229939.81925243,
                          "gasDescription": "non in magna",
                          "gasType": "commodo",
                          "gwp": -23735412.88135974,
                        },
                        Object {
                          "annualCO2e": 22176992.41940196,
                          "annualEmission": 8619229.112040833,
                          "gasDescription": "esse Ut dolor",
                          "gasType": "commodo minim non qui ut",
                          "gwp": 68837168.81364125,
                        },
                        Object {
                          "annualCO2e": -66672284.07904577,
                          "annualEmission": 31040374.468182325,
                          "gasDescription": "exercitation proident ipsum",
                          "gasType": "in",
                          "gwp": 98608792.06323293,
                        },
                        Object {
                          "annualCO2e": -72903751.85098204,
                          "annualEmission": -17263092.113584787,
                          "gasDescription": "elit minim veniam id",
                          "gasType": "id magna",
                          "gwp": 32712203.060312375,
                        },
                      ],
                      "sourceTypeName": "quis elit sit cup",
                    },
                  ],
                }
              }
              liveValidate={false}
              noHtml5Validate={false}
              noValidate={false}
              omitExtraData={true}
              safeRenderCompletion={false}
              schema={
                Object {
                  "definitions": Object {
                    "gas": Object {
                      "properties": Object {
                        "annualCO2e": Object {
                          "title": "Tonnes (CO2 equivalent)",
                          "type": "number",
                        },
                        "annualEmission": Object {
                          "title": "Tonnes (CO2)",
                          "type": "number",
                        },
                        "gasDescription": Object {
                          "type": "string",
                        },
                        "gasType": Object {
                          "title": "Gas Type",
                          "type": "string",
                        },
                        "gwp": Object {
                          "title": "GWP",
                          "type": "number",
                        },
                      },
                      "type": "object",
                    },
                    "sourceType": Object {
                      "properties": Object {
                        "gases": Object {
                          "items": Object {
                            "$ref": "#/definitions/gas",
                          },
                          "minItems": 1,
                          "title": "gases",
                          "type": "array",
                        },
                        "sourceTypeName": Object {
                          "type": "string",
                        },
                      },
                      "type": "object",
                    },
                  },
                  "properties": Object {
                    "sourceTypes": Object {
                      "items": Object {
                        "$ref": "#/definitions/sourceType",
                      },
                      "minItems": 1,
                      "title": "Source Types",
                      "type": "array",
                    },
                  },
                  "type": "object",
                }
              }
              showErrorList={false}
              tagName={[Function]}
              uiSchema={
                Object {
                  "sourceTypes": Object {
                    "items": Object {
                      "gases": Object {
                        "items": Object {
                          "ui:field": "emissionGas",
                        },
                        "ui:options": Object {
                          "addable": false,
                          "orderable": false,
                          "removable": false,
                        },
                      },
                      "sourceTypeName": Object {
                        "classNames": "hidden-title",
                        "ui:col-md": 12,
                        "ui:field": "emissionSource",
                      },
                      "ui:order": Array [
                        "sourceTypeName",
                        "gases",
                      ],
                    },
                    "ui:options": Object {
                      "addable": false,
                      "orderable": false,
                      "removable": false,
                    },
                  },
                  "ui:className": "emission-form no-col-padding",
                }
              }
              widgets={
                Object {
                  "RadioWidget": [Function],
                }
              }
            >
              <VIEW />
            </Form>
          </VIEW>
          <VIEW>
            <TEXT
              style={
                Object {
                  "borderBottom": 1,
                  "fontSize": 16,
                  "paddingBottom": 10,
                }
              }
            >
              

              Fuel
            </TEXT>
            <Form
              ArrayFieldTemplate={[Function]}
              ErrorList={[Function]}
              FieldTemplate={[Function]}
              ObjectFieldTemplate={[Function]}
              disabled={false}
              fields={
                Object {
                  "StringField": [Function],
                  "emissionGas": [Function],
                  "emissionSource": [Function],
                  "production": [Function],
                }
              }
              formData={
                Array [
                  Object {
                    "fuelType": "elit proident",
                    "fuelUnits": "occaecat proident",
                    "methodology": "wci 1.0",
                    "quantity": -44288443.7604504,
                  },
                  Object {
                    "fuelType": "enim adip",
                    "fuelUnits": "ex",
                    "methodology": "wci 2.0",
                    "quantity": -17868841.537515894,
                  },
                  Object {
                    "fuelType": "culpa ulla",
                    "fuelUnits": "dolor",
                    "methodology": "wci 1.0",
                    "quantity": 18372767.801277414,
                  },
                  Object {
                    "fuelType": "laborum officia ipsum occaecat mollit",
                    "fuelUnits": "dolore aliqua Excepteur do nisi",
                    "methodology": "wci 1.0",
                    "quantity": -62892579.20639662,
                  },
                  Object {
                    "fuelType": "ea volup",
                    "fuelUnits": "cillum aute aliqu",
                    "methodology": "wci 3.0",
                    "quantity": 94463075.84959364,
                  },
                ]
              }
              liveValidate={false}
              noHtml5Validate={false}
              noValidate={false}
              omitExtraData={true}
              safeRenderCompletion={false}
              schema={
                Object {
                  "definitions": Object {
                    "fuel": Object {
                      "properties": Object {
                        "fuelType": Object {
                          "title": "Fuel Type",
                          "type": "string",
                        },
                        "fuelUnits": Object {
                          "title": "Units",
                          "type": "string",
                        },
                        "methodology": Object {
                          "enum": Array [
                            "wci 1.0",
                            "wci 2.0",
                            "wci 3.0",
                          ],
                          "enumNames": Array [
                            "WCI 1.0",
                            "WCI 2.0",
                            "WCI 3.0",
                          ],
                          "title": "Methodology",
                          "type": "string",
                        },
                        "quantity": Object {
                          "title": "Quantity",
                          "type": "number",
                        },
                      },
                      "type": "object",
                    },
                  },
                  "items": Object {
                    "$ref": "#/definitions/fuel",
                  },
                  "type": "array",
                }
              }
              showErrorList={false}
              tagName={[Function]}
              uiSchema={
                Object {
                  "items": Object {
                    "ui:field": "fuel",
                  },
                  "ui:add-text": "Add a fuel",
                  "ui:remove-text": "Remove fuel",
                }
              }
              widgets={
                Object {
                  "RadioWidget": [Function],
                }
              }
            >
              <VIEW />
            </Form>
          </VIEW>
          <VIEW>
            <TEXT
              style={
                Object {
                  "borderBottom": 1,
                  "fontSize": 16,
                  "paddingBottom": 10,
                }
              }
            >
              

              Electricity and Heat
            </TEXT>
            <Form
              ArrayFieldTemplate={[Function]}
              ErrorList={[Function]}
              FieldTemplate={[Function]}
              ObjectFieldTemplate={[Function]}
              disabled={false}
              fields={
                Object {
                  "StringField": [Function],
                  "emissionGas": [Function],
                  "emissionSource": [Function],
                  "production": [Function],
                }
              }
              formData={
                Object {
                  "electricity": Object {
                    "consumedOnSite": 85946176.56268331,
                    "generatedOnSite": -83373267.80480914,
                    "onSiteEmissions": -93787481.1345309,
                    "purchased": 17337530.143687814,
                    "purchasedEmissionFactor": 59044557.78218174,
                    "sold": -11412679.198382929,
                  },
                  "heat": Object {
                    "consumedOnSite": -64648482.05994009,
                    "generatedOnSite": 0,
                    "purchased": 0,
                    "sold": -29282645.516252607,
                  },
                }
              }
              liveValidate={false}
              noHtml5Validate={false}
              noValidate={false}
              omitExtraData={true}
              safeRenderCompletion={false}
              schema={
                Object {
                  "properties": Object {
                    "electricity": Object {
                      "dependencies": Object {
                        "generatedOnSite": Object {
                          "oneOf": Array [
                            Object {
                              "properties": Object {
                                "generatedOnSite": Object {
                                  "exclusiveMinimum": 0,
                                },
                                "onSiteEmissions": Object {
                                  "title": "Emissions from On-Site Generation (tCO2e)",
                                  "type": "number",
                                },
                              },
                              "required": Array [
                                "onSiteEmissions",
                              ],
                            },
                            Object {
                              "properties": Object {
                                "generatedOnSite": Object {
                                  "const": 0,
                                },
                              },
                            },
                          ],
                        },
                        "purchased": Object {
                          "oneOf": Array [
                            Object {
                              "properties": Object {
                                "purchased": Object {
                                  "exclusiveMinimum": 0,
                                },
                                "purchasedEmissionFactor": Object {
                                  "title": "Purchased Electricity Emission Factor (tCO2e/MWh)",
                                  "type": "number",
                                },
                              },
                              "required": Array [
                                "purchasedEmissionFactor",
                              ],
                            },
                            Object {
                              "properties": Object {
                                "purchased": Object {
                                  "const": 0,
                                },
                              },
                            },
                          ],
                        },
                      },
                      "properties": Object {
                        "consumedOnSite": Object {
                          "title": "Consumed On Site (MWh)",
                          "type": "number",
                        },
                        "generatedOnSite": Object {
                          "title": "Generated On Site (MWh)",
                          "type": "number",
                        },
                        "purchased": Object {
                          "title": "Purchased (MWh)",
                          "type": "number",
                        },
                        "sold": Object {
                          "title": "Sold (MWh)",
                          "type": "number",
                        },
                      },
                      "required": Array [
                        "purchased",
                        "generatedOnSite",
                        "consumedOnSite",
                        "sold",
                      ],
                      "title": "Electricity",
                      "type": "object",
                    },
                    "heat": Object {
                      "dependencies": Object {
                        "generatedOnSite": Object {
                          "oneOf": Array [
                            Object {
                              "properties": Object {
                                "generatedOnSite": Object {
                                  "exclusiveMinimum": 0,
                                },
                                "onSiteEmissions": Object {
                                  "title": "Emissions from On-Site Generation (tCO2e)",
                                  "type": "number",
                                },
                              },
                              "required": Array [
                                "onSiteEmissions",
                              ],
                            },
                            Object {
                              "properties": Object {
                                "generatedOnSite": Object {
                                  "const": 0,
                                },
                              },
                            },
                          ],
                        },
                        "purchased": Object {
                          "oneOf": Array [
                            Object {
                              "properties": Object {
                                "purchased": Object {
                                  "exclusiveMinimum": 0,
                                },
                                "purchasedEmissionFactor": Object {
                                  "default": 0.063,
                                  "title": "Purchased Heat Emission Factor (tCO2e/GJ)",
                                  "type": "number",
                                },
                              },
                              "required": Array [
                                "purchasedEmissionFactor",
                              ],
                            },
                            Object {
                              "properties": Object {
                                "purchased": Object {
                                  "const": 0,
                                },
                              },
                            },
                          ],
                        },
                      },
                      "properties": Object {
                        "consumedOnSite": Object {
                          "title": "Consumed On Site (GJ)",
                          "type": "number",
                        },
                        "generatedOnSite": Object {
                          "title": "Generated On Site (GJ)",
                          "type": "number",
                        },
                        "purchased": Object {
                          "title": "Purchased (GJ)",
                          "type": "number",
                        },
                        "sold": Object {
                          "title": "Sold (GJ)",
                          "type": "number",
                        },
                      },
                      "required": Array [
                        "purchased",
                        "generatedOnSite",
                        "consumedOnSite",
                        "sold",
                      ],
                      "title": "Heat",
                      "type": "object",
                    },
                  },
                  "type": "object",
                }
              }
              showErrorList={false}
              tagName={[Function]}
              uiSchema={
                Object {
                  "electricity": Object {
                    "consumedOnSite": Object {
                      "ui:col-md": 3,
                    },
                    "generatedOnSite": Object {
                      "ui:col-md": 3,
                    },
                    "purchased": Object {
                      "ui:col-md": 3,
                    },
                    "purchasedEmissionFactor": Object {
                      "ui:help": "Find your Grid Emission Factor here (and apply necessary conversion)",
                      "ui:helplink": "https://www2.gov.bc.ca/gov/content/environment/climate-change/industry/reporting/quantify/electricity",
                    },
                    "sold": Object {
                      "ui:col-md": 3,
                    },
                    "ui:order": Array [
                      "purchased",
                      "generatedOnSite",
                      "consumedOnSite",
                      "sold",
                      "*",
                    ],
                  },
                  "heat": Object {
                    "consumedOnSite": Object {
                      "ui:col-md": 3,
                    },
                    "generatedOnSite": Object {
                      "ui:col-md": 3,
                    },
                    "purchased": Object {
                      "ui:col-md": 3,
                    },
                    "purchasedEmissionFactor": Object {
                      "ui:help": "Computed using natural gas emissions from the WCI methodology, assuming 80% efficiency",
                    },
                    "sold": Object {
                      "ui:col-md": 3,
                    },
                    "ui:order": Array [
                      "purchased",
                      "generatedOnSite",
                      "consumedOnSite",
                      "sold",
                      "*",
                    ],
                  },
                  "ui:order": Array [
                    "electricity",
                    "heat",
                  ],
                }
              }
              widgets={
                Object {
                  "RadioWidget": [Function],
                }
              }
            >
              <VIEW />
            </Form>
          </VIEW>
          <VIEW>
            <TEXT
              style={
                Object {
                  "borderBottom": 1,
                  "fontSize": 16,
                  "paddingBottom": 10,
                }
              }
            >
              

              Production
            </TEXT>
            <Form
              ArrayFieldTemplate={[Function]}
              ErrorList={[Function]}
              FieldTemplate={[Function]}
              ObjectFieldTemplate={[Function]}
              disabled={false}
              fields={
                Object {
                  "StringField": [Function],
                  "emissionGas": [Function],
                  "emissionSource": [Function],
                  "production": [Function],
                }
              }
              formData={
                Array [
                  Object {
                    "additionalData": Object {},
                    "paymentAllocationFactor": -83151012,
                    "productRowId": 82836116,
                    "productUnits": "minim",
                    "productionAllocationFactor": -69696992,
                    "quantity": 86888163.42425755,
                  },
                  Object {
                    "additionalData": Object {
                      "et68$": false,
                      "ullamco_041": "eu Duis laboris",
                      "veniam_11$": -4282558,
                    },
                    "paymentAllocationFactor": -25446043,
                    "productRowId": 98638541,
                    "productUnits": "non est et",
                    "productionAllocationFactor": -67869422,
                    "quantity": 88398636.9608818,
                  },
                ]
              }
              liveValidate={false}
              noHtml5Validate={false}
              noValidate={false}
              omitExtraData={true}
              safeRenderCompletion={false}
              schema={
                Object {
                  "definitions": Object {
                    "product": Object {
                      "properties": Object {
                        "additionalData": Object {
                          "additionalProperties": true,
                          "type": "object",
                        },
                        "paymentAllocationFactor": Object {
                          "exclusiveMinimum": 0,
                          "maximum": 100,
                          "title": "Product allocation factor (%)",
                          "type": "integer",
                        },
                        "productRowId": Object {
                          "title": "Product or Service",
                          "type": "integer",
                        },
                        "productUnits": Object {
                          "title": "Units",
                          "type": "string",
                        },
                        "productionAllocationFactor": Object {
                          "exclusiveMinimum": 0,
                          "maximum": 100,
                          "title": "Product allocation factor (%)",
                          "type": "integer",
                        },
                        "quantity": Object {
                          "title": "Annual Production Amount",
                          "type": "number",
                        },
                      },
                      "required": Array [
                        "productRowId",
                        "quantity",
                        "productUnits",
                        "productionAllocationFactor",
                        "paymentAllocationFactor",
                      ],
                      "type": "object",
                    },
                  },
                  "items": Object {
                    "$ref": "#/definitions/product",
                  },
                  "type": "array",
                }
              }
              showErrorList={false}
              tagName={[Function]}
              uiSchema={
                Object {
                  "items": Object {
                    "productRowId": Object {
                      "ui:col-md": 8,
                      "ui:widget": "SearchWidget",
                    },
                    "productionAllocationFactor": Object {
                      "ui:col-md": 4,
                      "ui:help": "Indicate percentage of total facility emissions that should be allocated to the selected product/service",
                    },
                    "ui:field": "production",
                  },
                  "ui:add-text": "Add a Product",
                  "ui:remove-text": "Remove Product",
                }
              }
              widgets={
                Object {
                  "RadioWidget": [Function],
                }
              }
            >
              <VIEW />
            </Form>
          </VIEW>
        </styled.VIEW>
        <TEXT
          fixed={true}
          render={[Function]}
          style={
            Object {
              "bottom": 20,
              "fontSize": 12,
              "left": 0,
              "position": "absolute",
              "right": 0,
              "textAlign": "center",
            }
          }
        />
      </PAGE>
    </DOCUMENT>
  }
  fileName="CIIP_Application_Forest Floor_2019.pdf"
>
  <Component />
</PDFDownloadLink>
`;
