// Jest Snapshot v1, https://goo.gl/fbAQLP

exports[`ApplicationRowItem should render the application 1`] = `
<tr>
  <td>
    abc
  </td>
  <td>
    blah
  </td>
  <td>
    foo
  </td>
  <td>
    2018
  </td>
  <td>
    Monday
  </td>
  <td>
    <Badge
      pill={true}
      style={
        Object {
          "width": "100%",
        }
      }
      variant="info"
    >
      SUBMITTED
    </Badge>
  </td>
  <td>
    <Link
      href={
        Object {
          "pathname": "/analyst/application-review",
          "query": Object {
            "applicationId": "abc",
            "applicationRowId": undefined,
            "version": 1,
          },
        }
      }
    >
      <Button
        active={false}
        disabled={false}
        type="button"
        variant="primary"
      >
        View Application
      </Button>
    </Link>
  </td>
</tr>
`;
