// Jest Snapshot v1, https://goo.gl/fbAQLP

exports[`ApplicationWizardConfirmationComponent should match the snapshot with the summary component 1`] = `
Array [
  <h1>
    Summary of your application:
  </h1>,
  <h5>
    Please review the information you have provided before continuing.
  </h5>,
  <br />,
  <div
    className="<mock-value-for-field-\\"slug\\"> summary-card card"
    style={
      Object {
        "marginBottom": "10px",
        "width": "100%",
      }
    }
  >
    <div
      className="card-header"
      onClick={[Function]}
    >
      <div
        className="row"
      >
        <div
          className="col-md-9"
        >
          <h2>
            Admin
          </h2>
        </div>
        <div
          className="col-md-3"
          style={
            Object {
              "textAlign": "right",
            }
          }
        >
          <button
            className="btn btn-primary"
            disabled={false}
            type="button"
          >
            Collapse
          </button>
        </div>
      </div>
    </div>
    <div
      aria-expanded={null}
      className="collapse show card-body"
    >
      <form
        className="rjsf"
        noValidate={false}
        onSubmit={[Function]}
      >
        <div
          className="summary-formrow col-12"
        >
          <div
            className="form-row"
          >
            <div
              className="col-12"
            >
              <h3 />
            </div>
            <div
              className="summary-formrow col-12"
            >
              <div
                className="form-row"
              >
                <div
                  className="col-12"
                >
                  <h3>
                    Operator Information
                  </h3>
                </div>
                <div
                  className="jsx-1147644460 form-group field field-string summary-formgroup"
                >
                  <div
                    className="jsx-1147644460 summary-label"
                  >
                    <strong
                      className="jsx-1147644460"
                    >
                      Legal name
                    </strong>
                  </div>
                  <div
                    className="jsx-1147644460 summary-item"
                  >
                     
                    TestOperator
                  </div>
                </div>
                <div
                  className="jsx-1147644460 form-group field field-string summary-formgroup"
                >
                  <div
                    className="jsx-1147644460 summary-label"
                  >
                    <strong
                      className="jsx-1147644460"
                    >
                      Trade name
                    </strong>
                  </div>
                  <div
                    className="jsx-1147644460 summary-item"
                  >
                     
                    <i>
                      [No Data Entered]
                    </i>
                  </div>
                </div>
                <div
                  className="jsx-1147644460 form-group field field-string summary-formgroup"
                >
                  <div
                    className="jsx-1147644460 summary-label"
                  >
                    <strong
                      className="jsx-1147644460"
                    >
                      NAICS code
                    </strong>
                  </div>
                  <div
                    className="jsx-1147644460 summary-item"
                  >
                     
                    <i>
                      [No Data Entered]
                    </i>
                  </div>
                </div>
                <div
                  className="jsx-1147644460 form-group field field-string summary-formgroup"
                >
                  <div
                    className="jsx-1147644460 summary-label"
                  >
                    <strong
                      className="jsx-1147644460"
                    >
                      BC Corporate Registry number
                    </strong>
                  </div>
                  <div
                    className="jsx-1147644460 summary-item"
                  >
                     
                    <i>
                      [No Data Entered]
                    </i>
                  </div>
                </div>
                <div
                  className="jsx-1147644460 form-group field field-string summary-formgroup"
                >
                  <div
                    className="jsx-1147644460 summary-label"
                  >
                    <strong
                      className="jsx-1147644460"
                    >
                      DUNS number
                    </strong>
                  </div>
                  <div
                    className="jsx-1147644460 summary-item"
                  >
                     
                    <i>
                      [No Data Entered]
                    </i>
                  </div>
                </div>
                <div
                  className="summary-formrow col-12"
                >
                  <div
                    className="form-row"
                  >
                    <div
                      className="col-12"
                    >
                      <h3>
                        Operator Mailing Address
                      </h3>
                    </div>
                    <div
                      className="jsx-1147644460 form-group field field-string summary-formgroup"
                    >
                      <div
                        className="jsx-1147644460 summary-label"
                      >
                        <strong
                          className="jsx-1147644460"
                        >
                          Street address
                        </strong>
                      </div>
                      <div
                        className="jsx-1147644460 summary-item"
                      >
                         
                        <i>
                          [No Data Entered]
                        </i>
                      </div>
                    </div>
                    <div
                      className="jsx-1147644460 form-group field field-string summary-formgroup"
                    >
                      <div
                        className="jsx-1147644460 summary-label"
                      >
                        <strong
                          className="jsx-1147644460"
                        >
                          City
                        </strong>
                      </div>
                      <div
                        className="jsx-1147644460 summary-item"
                      >
                         
                        <i>
                          [No Data Entered]
                        </i>
                      </div>
                    </div>
                    <div
                      className="jsx-1147644460 form-group field field-string summary-formgroup"
                    >
                      <div
                        className="jsx-1147644460 summary-label"
                      >
                        <strong
                          className="jsx-1147644460"
                        >
                          Postal Code
                        </strong>
                      </div>
                      <div
                        className="jsx-1147644460 summary-item"
                      >
                         
                        <i>
                          [No Data Entered]
                        </i>
                      </div>
                    </div>
                    <div
                      className="jsx-1147644460 form-group field field-string summary-formgroup"
                    >
                      <div
                        className="jsx-1147644460 summary-label"
                      >
                        <strong
                          className="jsx-1147644460"
                        >
                          Province or Territory
                        </strong>
                      </div>
                      <div
                        className="jsx-1147644460 summary-item"
                      >
                         
                        <i>
                          [No Data Entered]
                        </i>
                      </div>
                    </div>
                  </div>
                </div>
              </div>
            </div>
            <div
              className="summary-formrow col-12"
            >
              <div
                className="form-row"
              >
                <div
                  className="col-12"
                >
                  <h3>
                    Operational Representative
                  </h3>
                </div>
                <div
                  className="jsx-1147644460 form-group field field-string summary-formgroup"
                >
                  <div
                    className="jsx-1147644460 summary-label"
                  >
                    <strong
                      className="jsx-1147644460"
                    >
                      First Name
                    </strong>
                  </div>
                  <div
                    className="jsx-1147644460 summary-item"
                  >
                     
                    DoogieHouser
                  </div>
                </div>
                <div
                  className="jsx-1147644460 form-group field field-string summary-formgroup"
                >
                  <div
                    className="jsx-1147644460 summary-label"
                  >
                    <strong
                      className="jsx-1147644460"
                    >
                      Last Name
                    </strong>
                  </div>
                  <div
                    className="jsx-1147644460 summary-item"
                  >
                     
                    <i>
                      [No Data Entered]
                    </i>
                  </div>
                </div>
                <div
                  className="jsx-1147644460 form-group field field-string summary-formgroup"
                >
                  <div
                    className="jsx-1147644460 summary-label"
                  >
                    <strong
                      className="jsx-1147644460"
                    >
                      Position/Title
                    </strong>
                  </div>
                  <div
                    className="jsx-1147644460 summary-item"
                  >
                     
                    <i>
                      [No Data Entered]
                    </i>
                  </div>
                </div>
                <div
                  className="jsx-1147644460 form-group field field-string summary-formgroup"
                >
                  <div
                    className="jsx-1147644460 summary-label"
                  >
                    <strong
                      className="jsx-1147644460"
                    >
                      Email Address
                    </strong>
                  </div>
                  <div
                    className="jsx-1147644460 summary-item"
                  >
                     
                    <i>
                      [No Data Entered]
                    </i>
                  </div>
                </div>
                <div
                  className="jsx-1147644460 form-group field field-string summary-formgroup"
                >
                  <div
                    className="jsx-1147644460 summary-label"
                  >
                    <strong
                      className="jsx-1147644460"
                    >
                      Telephone Number
                    </strong>
                  </div>
                  <div
                    className="jsx-1147644460 summary-item"
                  >
                     
                    <i>
                      [No Data Entered]
                    </i>
                  </div>
                </div>
                <div
                  className="jsx-1147644460 form-group field field-string summary-formgroup"
                >
                  <div
                    className="jsx-1147644460 summary-label"
                  >
                    <strong
                      className="jsx-1147644460"
                    >
                      Fax Number
                    </strong>
                  </div>
                  <div
                    className="jsx-1147644460 summary-item"
                  >
                     
                    <i>
                      [No Data Entered]
                    </i>
                  </div>
                </div>
                <div
                  className="summary-formrow col-12"
                >
                  <div
                    className="form-row"
                  >
                    <div
                      className="col-12"
                    >
                      <h3>
                        Operational Representative Mailing Address
                      </h3>
                    </div>
                    <div
                      className="jsx-1147644460 form-group field field-string summary-formgroup"
                    >
                      <div
                        className="jsx-1147644460 summary-label"
                      >
                        <strong
                          className="jsx-1147644460"
                        >
                          Street address
                        </strong>
                      </div>
                      <div
                        className="jsx-1147644460 summary-item"
                      >
                         
                        <i>
                          [No Data Entered]
                        </i>
                      </div>
                    </div>
                    <div
                      className="jsx-1147644460 form-group field field-string summary-formgroup"
                    >
                      <div
                        className="jsx-1147644460 summary-label"
                      >
                        <strong
                          className="jsx-1147644460"
                        >
                          City
                        </strong>
                      </div>
                      <div
                        className="jsx-1147644460 summary-item"
                      >
                         
                        <i>
                          [No Data Entered]
                        </i>
                      </div>
                    </div>
                    <div
                      className="jsx-1147644460 form-group field field-string summary-formgroup"
                    >
                      <div
                        className="jsx-1147644460 summary-label"
                      >
                        <strong
                          className="jsx-1147644460"
                        >
                          Postal Code
                        </strong>
                      </div>
                      <div
                        className="jsx-1147644460 summary-item"
                      >
                         
                        <i>
                          [No Data Entered]
                        </i>
                      </div>
                    </div>
                    <div
                      className="jsx-1147644460 form-group field field-string summary-formgroup"
                    >
                      <div
                        className="jsx-1147644460 summary-label"
                      >
                        <strong
                          className="jsx-1147644460"
                        >
                          Province or Territory
                        </strong>
                      </div>
                      <div
                        className="jsx-1147644460 summary-item"
                      >
                         
                        <i>
                          [No Data Entered]
                        </i>
                      </div>
                    </div>
                  </div>
                </div>
              </div>
            </div>
            <div
              className="summary-formrow col-12"
            >
              <div
                className="form-row"
              >
                <div
                  className="col-12"
                >
                  <h3>
                    Facility Information
                  </h3>
                </div>
                <div
                  className="jsx-1147644460 form-group field field-string summary-formgroup"
                >
                  <div
                    className="jsx-1147644460 summary-label"
                  >
                    <strong
                      className="jsx-1147644460"
                    >
                      Facility Name
                    </strong>
                  </div>
                  <div
                    className="jsx-1147644460 summary-item"
                  >
                     
                    fac1
                  </div>
                </div>
                <div
                  className="jsx-1147644460 form-group field field-string summary-formgroup"
                >
                  <div
                    className="jsx-1147644460 summary-label"
                  >
                    <strong
                      className="jsx-1147644460"
                    >
                      Facility Type
                    </strong>
                  </div>
                  <div
                    className="jsx-1147644460 summary-item"
                  >
                     
                    <i>
                      [No Data Entered]
                    </i>
                  </div>
                </div>
                <div
                  className="jsx-1147644460 form-group field field-string summary-formgroup"
                >
                  <div
                    className="jsx-1147644460 summary-label"
                  >
                    <strong
                      className="jsx-1147644460"
                    >
                      BCGHG ID Number
                    </strong>
                  </div>
                  <div
                    className="jsx-1147644460 summary-item"
                  >
                     
                    <i>
                      [No Data Entered]
                    </i>
                  </div>
                </div>
                <div
                  className="jsx-1147644460 form-group field field-string summary-formgroup"
                >
                  <div
                    className="jsx-1147644460 summary-label"
                  >
                    <strong
                      className="jsx-1147644460"
                    >
                      NAICS Code
                    </strong>
                  </div>
                  <div
                    className="jsx-1147644460 summary-item"
                  >
                     
                    <i>
                      [No Data Entered]
                    </i>
                  </div>
                </div>
                <div
                  className="summary-formrow col-12"
                >
                  <div
                    className="form-row"
                  >
                    <div
                      className="col-12"
                    >
                      <h3>
                        Facility Mailing Address
                      </h3>
                    </div>
                    <div
                      className="jsx-1147644460 form-group field field-string summary-formgroup"
                    >
                      <div
                        className="jsx-1147644460 summary-label"
                      >
                        <strong
                          className="jsx-1147644460"
                        >
                          Street address
                        </strong>
                      </div>
                      <div
                        className="jsx-1147644460 summary-item"
                      >
                         
                        <i>
                          [No Data Entered]
                        </i>
                      </div>
                    </div>
                    <div
                      className="jsx-1147644460 form-group field field-string summary-formgroup"
                    >
                      <div
                        className="jsx-1147644460 summary-label"
                      >
                        <strong
                          className="jsx-1147644460"
                        >
                          City
                        </strong>
                      </div>
                      <div
                        className="jsx-1147644460 summary-item"
                      >
                         
                        <i>
                          [No Data Entered]
                        </i>
                      </div>
                    </div>
                    <div
                      className="jsx-1147644460 form-group field field-string summary-formgroup"
                    >
                      <div
                        className="jsx-1147644460 summary-label"
                      >
                        <strong
                          className="jsx-1147644460"
                        >
                          Postal Code
                        </strong>
                      </div>
                      <div
                        className="jsx-1147644460 summary-item"
                      >
                         
                        <i>
                          [No Data Entered]
                        </i>
                      </div>
                    </div>
                    <div
                      className="jsx-1147644460 form-group field field-string summary-formgroup"
                    >
                      <div
                        className="jsx-1147644460 summary-label"
                      >
                        <strong
                          className="jsx-1147644460"
                        >
                          Province or Territory
                        </strong>
                      </div>
                      <div
                        className="jsx-1147644460 summary-item"
                      >
                         
                        <i>
                          [No Data Entered]
                        </i>
                      </div>
                    </div>
                  </div>
                </div>
                <div
                  className="jsx-1147644460 form-group field field-boolean summary-formgroup"
                >
                  <div
                    className="jsx-1147644460 summary-label"
                  >
                    <strong
                      className="jsx-1147644460"
                    >
                      Is the facility location different from the mailing address?
                    </strong>
                  </div>
                  <div
                    className="jsx-1147644460 summary-item"
                  >
                     
                    No
                  </div>
                </div>
              </div>
            </div>
          </div>
        </div>
      </form>
    </div>
  </div>,
  <div
    className="<mock-value-for-field-\\"slug\\"> summary-card card"
    style={
      Object {
        "marginBottom": "10px",
        "width": "100%",
      }
    }
  >
    <div
      className="card-header"
      onClick={[Function]}
    >
      <div
        className="row"
      >
        <div
          className="col-md-9"
        >
          <h2>
            Emission
          </h2>
        </div>
        <div
          className="col-md-3"
          style={
            Object {
              "textAlign": "right",
            }
          }
        >
          <button
            className="btn btn-primary"
            disabled={false}
            type="button"
          >
            Collapse
          </button>
        </div>
      </div>
    </div>
    <div
      aria-expanded={null}
      className="collapse show card-body"
    >
      <form
        className="rjsf"
        noValidate={false}
        onSubmit={[Function]}
      >
        <div
          className="summary-formrow col-12"
        >
          <div
            className="form-row"
          >
            <div
              className="col-12"
            >
              <h3 />
            </div>
            <div
              className="summary-array-col col-12"
            >
              <div
                className="col-12"
              >
                <h3 />
              </div>
              <div
                className="summary-array-block form-row"
              >
                <div
                  className="col-12"
                >
                  <div
                    className="summary-formrow col-12"
                  >
                    <div
                      className="form-row"
                    >
                      <div
                        className="col-12"
                      >
                        <h3 />
                      </div>
                      <div
                        className="jsx-1147644460 form-group field field-string  hidden-title summary-formgroup"
                      >
                        <div
                          className="jsx-1147644460 summary-label"
                        >
                          <strong
                            className="jsx-1147644460"
                          >
                            sourceTypeName
                          </strong>
                        </div>
                        <div
                          className="jsx-1147644460 summary-item"
                        >
                          <h5
                            className="jsx-2806087631"
                            style={
                              Object {
                                "textAlign": "left",
                              }
                            }
                          >
                            Stationary Fuel Combustion
                          </h5>
                        </div>
                      </div>
                      <div
                        className="summary-array-col col-12"
                      >
                        <div
                          className="col-12"
                        >
                          <h3 />
                        </div>
                        <div
                          className="summary-array-block form-row"
                        >
                          <div
                            className="col-12"
                          >
                            <div
                              className="summary-formrow col-12"
                            >
                              <div
                                className="form-row"
                              >
                                <div
                                  className="visible emission-summary-row col-md-12 col-12"
                                >
                                  <div
                                    className="form-row"
                                  >
                                    <div
                                      className="col-md-4"
                                    >
                                      CO2nonbio
                                       
                                      <br
                                        className="jsx-742059722"
                                      />
                                      <div
                                        className="col-md-10"
                                        style={
                                          Object {
                                            "color": "#888",
                                            "lineHeight": "17px",
                                            "margin": 0,
                                            "padding": 0,
                                          }
                                        }
                                      >
                                        <small
                                          className="jsx-742059722"
                                        >
                                          gassy
                                        </small>
                                      </div>
                                    </div>
                                    <div
                                      className="col-md-3"
                                    >
                                      <strong
                                        className="jsx-742059722"
                                      >
                                        Tonnes:
                                      </strong>
                                       
                                      15
                                    </div>
                                    <div
                                      className="col-md-3"
                                    >
                                      <strong
                                        className="jsx-742059722"
                                      >
                                        Tonnes(CO2e): 
                                      </strong>
                                      12
                                    </div>
                                  </div>
                                </div>
                              </div>
                            </div>
                          </div>
                        </div>
                        <div
                          className="summary-array-block form-row"
                        >
                          <div
                            className="col-12"
                          >
                            <div
                              className="summary-formrow col-12"
                            >
                              <div
                                className="form-row"
                              >
                                <div
                                  className="visible emission-summary-row col-md-12 col-12"
                                >
                                  <div
                                    className="form-row"
                                  >
                                    <div
                                      className="col-md-4"
                                    >
                                      CO2
                                       
                                      <br
                                        className="jsx-742059722"
                                      />
                                      <div
                                        className="col-md-10"
                                        style={
                                          Object {
                                            "color": "#888",
                                            "lineHeight": "17px",
                                            "margin": 0,
                                            "padding": 0,
                                          }
                                        }
                                      >
                                        <small
                                          className="jsx-742059722"
                                        >
                                          super gassy
                                        </small>
                                      </div>
                                    </div>
                                    <div
                                      className="col-md-3"
                                    >
                                      <strong
                                        className="jsx-742059722"
                                      >
                                        Tonnes:
                                      </strong>
                                       
                                      12
                                    </div>
                                    <div
                                      className="col-md-3"
                                    >
                                      <strong
                                        className="jsx-742059722"
                                      >
                                        Tonnes(CO2e): 
                                      </strong>
                                      1
                                    </div>
                                  </div>
                                </div>
                              </div>
                            </div>
                          </div>
                        </div>
                      </div>
                    </div>
                  </div>
                </div>
              </div>
              <div
                className="summary-array-block form-row"
              >
                <div
                  className="col-12"
                >
                  <div
                    className="summary-formrow col-12"
                  >
                    <div
                      className="form-row"
                    >
                      <div
                        className="col-12"
                      >
                        <h3 />
                      </div>
                      <div
                        className="jsx-1147644460 form-group field field-string  hidden-title summary-formgroup"
                      >
                        <div
                          className="jsx-1147644460 summary-label"
                        >
                          <strong
                            className="jsx-1147644460"
                          >
                            sourceTypeName
                          </strong>
                        </div>
                        <div
                          className="jsx-1147644460 summary-item"
                        >
                          <h5
                            className="jsx-2806087631"
                            style={
                              Object {
                                "textAlign": "left",
                              }
                            }
                          >
                            Flaring
                          </h5>
                        </div>
                      </div>
                      <div
                        className="summary-array-col col-12"
                      >
                        <div
                          className="col-12"
                        >
                          <h3 />
                        </div>
                        <div
                          className="summary-array-block form-row"
                        >
                          <div
                            className="col-12"
                          >
                            <div
                              className="summary-formrow col-12"
                            >
                              <div
                                className="form-row"
                              >
                                <div
                                  className="visible emission-summary-row col-md-12 col-12"
                                >
                                  <div
                                    className="form-row"
                                  >
                                    <div
                                      className="col-md-4"
                                    >
                                      Waste
                                       
                                      <br
                                        className="jsx-742059722"
                                      />
                                      <div
                                        className="col-md-10"
                                        style={
                                          Object {
                                            "color": "#888",
                                            "lineHeight": "17px",
                                            "margin": 0,
                                            "padding": 0,
                                          }
                                        }
                                      >
                                        <small
                                          className="jsx-742059722"
                                        >
                                          wastey
                                        </small>
                                      </div>
                                    </div>
                                    <div
                                      className="col-md-3"
                                    >
                                      <strong
                                        className="jsx-742059722"
                                      >
                                        Tonnes:
                                      </strong>
                                       
                                      151
                                    </div>
                                    <div
                                      className="col-md-3"
                                    >
                                      <strong
                                        className="jsx-742059722"
                                      >
                                        Tonnes(CO2e): 
                                      </strong>
                                      121
                                    </div>
                                  </div>
                                </div>
                              </div>
                            </div>
                          </div>
                        </div>
                      </div>
                    </div>
                  </div>
                </div>
              </div>
            </div>
          </div>
        </div>
      </form>
    </div>
  </div>,
  <div
    className="<mock-value-for-field-\\"slug\\"> summary-card card"
    style={
      Object {
        "marginBottom": "10px",
        "width": "100%",
      }
    }
  >
    <div
      className="card-header"
      onClick={[Function]}
    >
      <div
        className="row"
      >
        <div
          className="col-md-9"
        >
          <h2>
            Fuel
          </h2>
        </div>
        <div
          className="col-md-3"
          style={
            Object {
              "textAlign": "right",
            }
          }
        >
          <button
            className="btn btn-primary"
            disabled={false}
            type="button"
          >
            Collapse
          </button>
        </div>
      </div>
    </div>
    <div
      aria-expanded={null}
      className="collapse show card-body"
    >
      <form
        className="rjsf"
        noValidate={false}
        onSubmit={[Function]}
      >
        <div
          className="summary-array-col col-12"
        >
          <div
            className="col-12"
          >
            <h3 />
          </div>
          <div
            className="summary-array-block form-row"
          >
            <div
              className="col-12"
            >
              <div
                className="summary-formrow col-12"
              >
                <div
                  className="form-row"
                >
                  <div
                    className="col-12"
                  >
                    <h3 />
                  </div>
                  <div
                    className="jsx-1147644460 form-group field field-string summary-formgroup"
                  >
                    <div
                      className="jsx-1147644460 summary-label"
                    >
                      <strong
                        className="jsx-1147644460"
                      >
                        Fuel Type
                      </strong>
                    </div>
                    <div
                      className="jsx-1147644460 summary-item"
                    >
                       
                      diesel
                    </div>
                  </div>
                  <div
                    className="jsx-1147644460 form-group field field-number summary-formgroup"
                  >
                    <div
                      className="jsx-1147644460 summary-label"
                    >
                      <strong
                        className="jsx-1147644460"
                      >
                        Quantity
                      </strong>
                    </div>
                    <div
                      className="jsx-1147644460 summary-item"
                    >
                       
                      123.5
                    </div>
                  </div>
                  <div
                    className="jsx-1147644460 form-group field field-string summary-formgroup"
                  >
                    <div
                      className="jsx-1147644460 summary-label"
                    >
                      <strong
                        className="jsx-1147644460"
                      >
                        Units
                      </strong>
                    </div>
                    <div
                      className="jsx-1147644460 summary-item"
                    >
                       
                      kilolitres
                    </div>
                  </div>
                  <div
                    className="jsx-1147644460 form-group field field-string summary-formgroup"
                  >
                    <div
                      className="jsx-1147644460 summary-label"
                    >
                      <strong
                        className="jsx-1147644460"
                      >
                        Methodology
                      </strong>
                    </div>
                    <div
                      className="jsx-1147644460 summary-item"
                    >
                       
                      win some lose some
                    </div>
                  </div>
                </div>
              </div>
            </div>
          </div>
          <div
            className="summary-array-block form-row"
          >
            <div
              className="col-12"
            >
              <div
                className="summary-formrow col-12"
              >
                <div
                  className="form-row"
                >
                  <div
                    className="col-12"
                  >
                    <h3 />
                  </div>
                  <div
                    className="jsx-1147644460 form-group field field-string summary-formgroup"
                  >
                    <div
                      className="jsx-1147644460 summary-label"
                    >
                      <strong
                        className="jsx-1147644460"
                      >
                        Fuel Type
                      </strong>
                    </div>
                    <div
                      className="jsx-1147644460 summary-item"
                    >
                       
                      Natural Gas
                    </div>
                  </div>
                  <div
                    className="jsx-1147644460 form-group field field-number summary-formgroup"
                  >
                    <div
                      className="jsx-1147644460 summary-label"
                    >
                      <strong
                        className="jsx-1147644460"
                      >
                        Quantity
                      </strong>
                    </div>
                    <div
                      className="jsx-1147644460 summary-item"
                    >
                       
                      320013
                    </div>
                  </div>
                  <div
                    className="jsx-1147644460 form-group field field-string summary-formgroup"
                  >
                    <div
                      className="jsx-1147644460 summary-label"
                    >
                      <strong
                        className="jsx-1147644460"
                      >
                        Units
                      </strong>
                    </div>
                    <div
                      className="jsx-1147644460 summary-item"
                    >
                       
                      Sm^3
                    </div>
                  </div>
                  <div
                    className="jsx-1147644460 form-group field field-string summary-formgroup"
                  >
                    <div
                      className="jsx-1147644460 summary-label"
                    >
                      <strong
                        className="jsx-1147644460"
                      >
                        Methodology
                      </strong>
                    </div>
                    <div
                      className="jsx-1147644460 summary-item"
                    >
                       
                      WCI 1.0
                    </div>
                  </div>
                </div>
              </div>
            </div>
          </div>
        </div>
      </form>
    </div>
  </div>,
  <div
    className="<mock-value-for-field-\\"slug\\"> summary-card card"
    style={
      Object {
        "marginBottom": "10px",
        "width": "100%",
      }
    }
  >
    <div
      className="card-header"
      onClick={[Function]}
    >
      <div
        className="row"
      >
        <div
          className="col-md-9"
        >
          <h2>
            Electricity and Heat
          </h2>
        </div>
        <div
          className="col-md-3"
          style={
            Object {
              "textAlign": "right",
            }
          }
        >
          <button
            className="btn btn-primary"
            disabled={false}
            type="button"
          >
            Collapse
          </button>
        </div>
      </div>
    </div>
    <div
      aria-expanded={null}
      className="collapse show card-body"
    >
      <form
        className="rjsf"
        noValidate={false}
        onSubmit={[Function]}
      >
        <div
          className="summary-formrow col-12"
        >
          <div
            className="form-row"
          >
            <div
              className="col-12"
            >
              <h3 />
            </div>
            <div
              className="summary-formrow col-12"
            >
              <div
                className="form-row"
              >
                <div
                  className="col-12"
                >
                  <h3>
                    Electricity
                  </h3>
                </div>
                <div
                  className="jsx-1147644460 form-group field field-number summary-formgroup"
                >
                  <div
                    className="jsx-1147644460 summary-label"
                  >
                    <strong
                      className="jsx-1147644460"
                    >
                      Purchased
                    </strong>
                  </div>
                  <div
                    className="jsx-1147644460 summary-item"
                  >
                     
                    26
                  </div>
                </div>
                <div
                  className="jsx-1147644460 form-group field field-number summary-formgroup"
                >
                  <div
                    className="jsx-1147644460 summary-label"
                  >
                    <strong
                      className="jsx-1147644460"
                    >
                      Sold
                    </strong>
                  </div>
                  <div
                    className="jsx-1147644460 summary-item"
                  >
                     
                    1234
                  </div>
                </div>
                <div
                  className="jsx-1147644460 form-group field field-number summary-formgroup"
                >
                  <div
                    className="jsx-1147644460 summary-label"
                  >
                    <strong
                      className="jsx-1147644460"
                    >
                      Consumed On-Site
                    </strong>
                  </div>
                  <div
                    className="jsx-1147644460 summary-item"
                  >
                     
                    135
                  </div>
                </div>
                <div
                  className="jsx-1147644460 form-group field field-number summary-formgroup"
                >
                  <div
                    className="jsx-1147644460 summary-label"
                  >
                    <strong
                      className="jsx-1147644460"
                    >
                      Generated On-Site
                    </strong>
                  </div>
                  <div
                    className="jsx-1147644460 summary-item"
                  >
                     
                    6130
                  </div>
                </div>
                <div
                  className="jsx-1147644460 form-group field field-number summary-formgroup"
                >
                  <div
                    className="jsx-1147644460 summary-label"
                  >
                    <strong
                      className="jsx-1147644460"
                    >
                      Emissions from On-Site Generation (tCO2e)
                    </strong>
                  </div>
                  <div
                    className="jsx-1147644460 summary-item"
                  >
                     
                    810
                  </div>
                </div>
              </div>
            </div>
            <div
              className="summary-formrow col-12"
            >
              <div
                className="form-row"
              >
                <div
                  className="col-12"
                >
                  <h3>
                    Heat
                  </h3>
                </div>
                <div
                  className="jsx-1147644460 form-group field field-number summary-formgroup"
                >
                  <div
                    className="jsx-1147644460 summary-label"
                  >
                    <strong
                      className="jsx-1147644460"
                    >
                      Purchased
                    </strong>
                  </div>
                  <div
                    className="jsx-1147644460 summary-item"
                  >
                     
                    12
                  </div>
                </div>
                <div
                  className="jsx-1147644460 form-group field field-number summary-formgroup"
                >
                  <div
                    className="jsx-1147644460 summary-label"
                  >
                    <strong
                      className="jsx-1147644460"
                    >
                      Sold
                    </strong>
                  </div>
                  <div
                    className="jsx-1147644460 summary-item"
                  >
                     
                    1
                  </div>
                </div>
                <div
                  className="jsx-1147644460 form-group field field-number summary-formgroup"
                >
                  <div
                    className="jsx-1147644460 summary-label"
                  >
                    <strong
                      className="jsx-1147644460"
                    >
                      Consumed On-Site
                    </strong>
                  </div>
                  <div
                    className="jsx-1147644460 summary-item"
                  >
                     
                    15
                  </div>
                </div>
                <div
                  className="jsx-1147644460 form-group field field-number summary-formgroup"
                >
                  <div
                    className="jsx-1147644460 summary-label"
                  >
                    <strong
                      className="jsx-1147644460"
                    >
                      Generated On-Site
                    </strong>
                  </div>
                  <div
                    className="jsx-1147644460 summary-item"
                  >
                     
                    60
                  </div>
                </div>
                <div
                  className="jsx-1147644460 form-group field field-number summary-formgroup"
                >
                  <div
                    className="jsx-1147644460 summary-label"
                  >
                    <strong
                      className="jsx-1147644460"
                    >
                      Emissions from On-Site Generation (tCO2e)
                    </strong>
                  </div>
                  <div
                    className="jsx-1147644460 summary-item"
                  >
                     
                    80
                  </div>
                </div>
              </div>
            </div>
          </div>
        </div>
      </form>
    </div>
  </div>,
  <div
    className="<mock-value-for-field-\\"slug\\"> summary-card card"
    style={
      Object {
        "marginBottom": "10px",
        "width": "100%",
      }
    }
  >
    <div
      className="card-header"
      onClick={[Function]}
    >
      <div
        className="row"
      >
        <div
          className="col-md-9"
        >
          <h2>
            Production
          </h2>
        </div>
        <div
          className="col-md-3"
          style={
            Object {
              "textAlign": "right",
            }
          }
        >
          <button
            className="btn btn-primary"
            disabled={false}
            type="button"
          >
            Collapse
          </button>
        </div>
      </div>
    </div>
    <div
      aria-expanded={null}
      className="collapse show card-body"
    >
      <form
        className="rjsf"
        noValidate={false}
        onSubmit={[Function]}
      >
        <div
          className="summary-array-col col-12"
        >
          <div
            className="col-12"
          >
            <h3 />
          </div>
          <div
            className="summary-array-block form-row"
          >
            <div
              className="col-12"
            >
              <div
                className="summary-formrow col-12"
              >
                <div
                  className="form-row"
                >
                  <div
                    className="col-12"
                  >
                    <h3 />
                  </div>
                  <div
                    className="jsx-1147644460 form-group field field-string summary-formgroup"
                  >
                    <div
                      className="jsx-1147644460 summary-label"
                    >
                      <strong
                        className="jsx-1147644460"
                      >
                        Processing Unit Module
                      </strong>
                    </div>
                    <div
                      className="jsx-1147644460 summary-item"
                    >
                       
                      mayonnaise
                    </div>
                  </div>
                  <div
                    className="jsx-1147644460 form-group field field-number summary-formgroup"
                  >
                    <div
                      className="jsx-1147644460 summary-label"
                    >
                      <strong
                        className="jsx-1147644460"
                      >
                        Quantity
                      </strong>
                    </div>
                    <div
                      className="jsx-1147644460 summary-item"
                    >
                       
                      12
                    </div>
                  </div>
                  <div
                    className="jsx-1147644460 form-group field field-string summary-formgroup"
                  >
                    <div
                      className="jsx-1147644460 summary-label"
                    >
                      <strong
                        className="jsx-1147644460"
                      >
                        Units
                      </strong>
                    </div>
                    <div
                      className="jsx-1147644460 summary-item"
                    >
                       
                      <i>
                        [No Data Entered]
                      </i>
                    </div>
                  </div>
                  <div
                    className="jsx-1147644460 form-group field field-number summary-formgroup"
                  >
                    <div
                      className="jsx-1147644460 summary-label"
                    >
                      <strong
                        className="jsx-1147644460"
                      >
                        Associated Emission (tCO2e)
                      </strong>
                    </div>
                    <div
                      className="jsx-1147644460 summary-item"
                    >
                       
                      1
                    </div>
                  </div>
                  <div
                    className="jsx-1147644460 form-group field field-string summary-formgroup"
                  >
                    <div
                      className="jsx-1147644460 summary-label"
                    >
                      <strong
                        className="jsx-1147644460"
                      >
                        comments
                      </strong>
                    </div>
                    <div
                      className="jsx-1147644460 summary-item"
                    >
                       
                      a sandwich isnt a sandwich without it
                    </div>
                  </div>
                </div>
              </div>
            </div>
          </div>
          <div
            className="summary-array-block form-row"
          >
            <div
              className="col-12"
            >
              <div
                className="summary-formrow col-12"
              >
                <div
                  className="form-row"
                >
                  <div
                    className="col-12"
                  >
                    <h3 />
                  </div>
                  <div
                    className="jsx-1147644460 form-group field field-string summary-formgroup"
                  >
                    <div
                      className="jsx-1147644460 summary-label"
                    >
                      <strong
                        className="jsx-1147644460"
                      >
                        Processing Unit Module
                      </strong>
                    </div>
                    <div
                      className="jsx-1147644460 summary-item"
                    >
                       
                      pickles
                    </div>
                  </div>
                  <div
                    className="jsx-1147644460 form-group field field-number summary-formgroup"
                  >
                    <div
                      className="jsx-1147644460 summary-label"
                    >
                      <strong
                        className="jsx-1147644460"
                      >
                        Quantity
                      </strong>
                    </div>
                    <div
                      className="jsx-1147644460 summary-item"
                    >
                       
                      121
                    </div>
                  </div>
                  <div
                    className="jsx-1147644460 form-group field field-string summary-formgroup"
                  >
                    <div
                      className="jsx-1147644460 summary-label"
                    >
                      <strong
                        className="jsx-1147644460"
                      >
                        Units
                      </strong>
                    </div>
                    <div
                      className="jsx-1147644460 summary-item"
                    >
                       
                      <i>
                        [No Data Entered]
                      </i>
                    </div>
                  </div>
                  <div
                    className="jsx-1147644460 form-group field field-number summary-formgroup"
                  >
                    <div
                      className="jsx-1147644460 summary-label"
                    >
                      <strong
                        className="jsx-1147644460"
                      >
                        Associated Emission (tCO2e)
                      </strong>
                    </div>
                    <div
                      className="jsx-1147644460 summary-item"
                    >
                       
                      10000
                    </div>
                  </div>
                  <div
                    className="jsx-1147644460 form-group field field-string summary-formgroup"
                  >
                    <div
                      className="jsx-1147644460 summary-label"
                    >
                      <strong
                        className="jsx-1147644460"
                      >
                        comments
                      </strong>
                    </div>
                    <div
                      className="jsx-1147644460 summary-item"
                    >
                       
                      pickles are good
                    </div>
                  </div>
                </div>
              </div>
            </div>
          </div>
        </div>
      </form>
    </div>
  </div>,
  <a
    className="float-right btn btn-primary"
    href="/complete-submit"
    onClick={[Function]}
    onKeyDown={[Function]}
    onMouseEnter={[Function]}
    style={
      Object {
        "marginTop": "10px",
      }
    }
  >
    Submit Application
  </a>,
]
`;
