// Jest Snapshot v1, https://goo.gl/fbAQLP

exports[`Application List should render all the applications 1`] = `
Object {
  "asFragment": [Function],
  "baseElement": <body>
    <div>
      <div
        class="container"
        style="padding: 10px; background: rgb(222, 226, 230);"
      >
        <div
          class="row"
        >
          <div
            class="col-md-2"
          >
            <h5>
              Sort Applications
            </h5>
          </div>
          <div
            class="col-md-2"
          />
          <div
            class="col-md-3"
          >
            <h5>
              Filter Applications
            </h5>
          </div>
        </div>
        <div
          class="row"
        >
          <div
            class="col-md-2"
          >
            <div
              class="dropdown"
              style="width: 100%;"
            >
              <button
                aria-expanded="false"
                aria-haspopup="true"
                class="dropdown-toggle btn btn-info"
                id="dropdown-sort"
                style="width: 100%;"
                type="button"
              >
                Operator Name
              </button>
            </div>
          </div>
          <div
            class="col-md-1"
          >
            <button
              class="btn btn-info"
              style="width: 100%;"
              type="button"
            >
              ASC
            </button>
          </div>
          <div
            class="col-md-1"
          />
          <div
            class="col-md-2"
          >
            <div
              class="dropdown"
              style="width: 100%;"
            >
              <button
                aria-expanded="false"
                aria-haspopup="true"
                class="dropdown-toggle btn btn-info"
                id="dropdown-filter"
                style="width: 100%;"
                type="button"
              >
                No Filter
              </button>
            </div>
          </div>
          <div
            class="col-md-6"
          >
            <form
              class=""
            >
              <div
                class="form-row"
              >
                <div
                  class="form-group col-md-8"
                >
                  <input
                    class="form-control"
                    id="filter"
                    step="0.01"
                    type="string"
                  />
                </div>
                <div
                  class="form-group col-md-1"
                >
                  <button
                    class="btn btn-info"
                    type="submit"
                  >
                    Filter
                  </button>
                </div>
              </div>
            </form>
          </div>
        </div>
      </div>
      <br />
      <br />
      <table
        class="table table-striped table-bordered table-hover"
        style="text-align: center;"
      >
        <thead>
          <tr>
            <th>
              Application ID
            </th>
            <th>
              Operator Name
            </th>
            <th>
              Facility Name
            </th>
            <th>
              Submitted
            </th>
            <th>
              Status
            </th>
            <th />
          </tr>
        </thead>
        <tbody>
          <tr>
            <td>
              1
            </td>
            <td>
              operator1
            </td>
            <td>
              facility1
            </td>
            <td>
              Sun, 17 Dec 1995 03:24:00 GMT
            </td>
            <td>
              <span
                class="badge badge-pill badge-success"
                style="width: 100%;"
              >
                approved
              </span>
            </td>
            <td>
              <a
                class="btn btn-primary"
                href="/application-details?application_id=1&reportingyear=undefined&bcghgid=undefined"
                target="_blank"
              >
                View Application
              </a>
            </td>
          </tr>
          <tr>
            <td>
              2
            </td>
            <td>
              operator2
            </td>
            <td>
              facility2
            </td>
            <td>
              Fri, 11 May 2018 02:21:00 GMT
            </td>
            <td>
              <span
                class="badge badge-pill badge-warning"
                style="width: 100%;"
              >
                pending
              </span>
            </td>
            <td>
              <a
                class="btn btn-primary"
                href="/application-details?application_id=2&reportingyear=undefined&bcghgid=undefined"
                target="_blank"
              >
                View Application
              </a>
            </td>
          </tr>
        </tbody>
      </table>
    </div>
  </body>,
  "container": <div>
    <div
      class="container"
      style="padding: 10px; background: rgb(222, 226, 230);"
    >
      <div
        class="row"
      >
        <div
          class="col-md-2"
        >
          <h5>
            Sort Applications
          </h5>
        </div>
        <div
          class="col-md-2"
        />
        <div
          class="col-md-3"
        >
          <h5>
            Filter Applications
          </h5>
        </div>
      </div>
      <div
        class="row"
      >
        <div
          class="col-md-2"
        >
          <div
            class="dropdown"
            style="width: 100%;"
          >
            <button
              aria-expanded="false"
              aria-haspopup="true"
              class="dropdown-toggle btn btn-info"
              id="dropdown-sort"
              style="width: 100%;"
              type="button"
            >
              Operator Name
            </button>
          </div>
        </div>
        <div
          class="col-md-1"
        >
          <button
            class="btn btn-info"
            style="width: 100%;"
            type="button"
          >
            ASC
          </button>
        </div>
        <div
          class="col-md-1"
        />
        <div
          class="col-md-2"
        >
          <div
            class="dropdown"
            style="width: 100%;"
          >
            <button
              aria-expanded="false"
              aria-haspopup="true"
              class="dropdown-toggle btn btn-info"
              id="dropdown-filter"
              style="width: 100%;"
              type="button"
            >
              No Filter
            </button>
          </div>
        </div>
        <div
          class="col-md-6"
        >
          <form
            class=""
          >
            <div
              class="form-row"
            >
              <div
                class="form-group col-md-8"
              >
                <input
                  class="form-control"
                  id="filter"
                  step="0.01"
                  type="string"
                />
              </div>
              <div
                class="form-group col-md-1"
              >
                <button
                  class="btn btn-info"
                  type="submit"
                >
                  Filter
                </button>
              </div>
            </div>
          </form>
        </div>
      </div>
    </div>
    <br />
    <br />
    <table
      class="table table-striped table-bordered table-hover"
      style="text-align: center;"
    >
      <thead>
        <tr>
          <th>
            Application ID
          </th>
          <th>
            Operator Name
          </th>
          <th>
            Facility Name
          </th>
          <th>
            Submitted
          </th>
          <th>
            Status
          </th>
          <th />
        </tr>
      </thead>
      <tbody>
        <tr>
          <td>
            1
          </td>
          <td>
            operator1
          </td>
          <td>
            facility1
          </td>
          <td>
            Sun, 17 Dec 1995 03:24:00 GMT
          </td>
          <td>
            <span
              class="badge badge-pill badge-success"
              style="width: 100%;"
            >
              approved
            </span>
          </td>
          <td>
            <a
              class="btn btn-primary"
              href="/application-details?application_id=1&reportingyear=undefined&bcghgid=undefined"
              target="_blank"
            >
              View Application
            </a>
          </td>
        </tr>
        <tr>
          <td>
            2
          </td>
          <td>
            operator2
          </td>
          <td>
            facility2
          </td>
          <td>
            Fri, 11 May 2018 02:21:00 GMT
          </td>
          <td>
            <span
              class="badge badge-pill badge-warning"
              style="width: 100%;"
            >
              pending
            </span>
          </td>
          <td>
            <a
              class="btn btn-primary"
              href="/application-details?application_id=2&reportingyear=undefined&bcghgid=undefined"
              target="_blank"
            >
              View Application
            </a>
          </td>
        </tr>
      </tbody>
    </table>
  </div>,
  "debug": [Function],
  "findAllByAltText": [Function],
  "findAllByDisplayValue": [Function],
  "findAllByLabelText": [Function],
  "findAllByPlaceholderText": [Function],
  "findAllByRole": [Function],
  "findAllByTestId": [Function],
  "findAllByText": [Function],
  "findAllByTitle": [Function],
  "findByAltText": [Function],
  "findByDisplayValue": [Function],
  "findByLabelText": [Function],
  "findByPlaceholderText": [Function],
  "findByRole": [Function],
  "findByTestId": [Function],
  "findByText": [Function],
  "findByTitle": [Function],
  "getAllByAltText": [Function],
  "getAllByDisplayValue": [Function],
  "getAllByLabelText": [Function],
  "getAllByPlaceholderText": [Function],
  "getAllByRole": [Function],
  "getAllByTestId": [Function],
  "getAllByText": [Function],
  "getAllByTitle": [Function],
  "getByAltText": [Function],
  "getByDisplayValue": [Function],
  "getByLabelText": [Function],
  "getByPlaceholderText": [Function],
  "getByRole": [Function],
  "getByTestId": [Function],
  "getByText": [Function],
  "getByTitle": [Function],
  "queryAllByAltText": [Function],
  "queryAllByDisplayValue": [Function],
  "queryAllByLabelText": [Function],
  "queryAllByPlaceholderText": [Function],
  "queryAllByRole": [Function],
  "queryAllByTestId": [Function],
  "queryAllByText": [Function],
  "queryAllByTitle": [Function],
  "queryByAltText": [Function],
  "queryByDisplayValue": [Function],
  "queryByLabelText": [Function],
  "queryByPlaceholderText": [Function],
  "queryByRole": [Function],
  "queryByTestId": [Function],
  "queryByText": [Function],
  "queryByTitle": [Function],
  "rerender": [Function],
  "unmount": [Function],
}
`;
