// Jest Snapshot v1, https://goo.gl/fbAQLP

exports[`The /reporter/application page matches the last accepted Snapshot 1`] = `
<Relay(DefaultLayout)
  session={
    Object {
      " $fragmentRefs": Object {
        "defaultLayout_session": true,
      },
    }
  }
>
  <Relay(ApplicationWizardComponent)
    query={
      Object {
        " $fragmentRefs": Object {
          "ApplicationWizard_query": true,
        },
        "application": Object {
          "id": "1",
          "latestDraftRevision": Object {
            "legalDisclaimerAccepted": true,
            "versionNumber": 1,
          },
        },
        "session": Object {
          " $fragmentRefs": Object {
            "defaultLayout_session": true,
          },
        },
      }
    }
  />
  <JSXStyle
    id="3438383081"
  >
    @media print{.nav-guide-container{display:none !important;}}
  </JSXStyle>
</Relay(DefaultLayout)>
`;
