// Jest Snapshot v1, https://goo.gl/fbAQLP

exports[`Reporter Dashboard Should render properly 1`] = `
<Relay(DefaultLayout)
  session={
    Object {
      " $fragmentRefs": Object {
        "defaultLayout_session": true,
      },
      "ciipUserBySub": Object {
        "id": "ciip-reporter@mailinator.com",
        "rowId": 6,
      },
    }
  }
  showSubheader={true}
  title="My Operators"
>
  <Row
    className="justify-content-md-center"
    noGutters={false}
  >
    <Col
      lg={8}
      md={10}
    >
      <Row
        className="mb-4"
        noGutters={false}
      >
        <Col>
          <ProgressStepIndicator
            steps={
              Array [
                Object {
                  "badgeStyle": "warning",
                  "description": "Request access to apply",
                  "number": 1,
                },
                Object {
                  "badgeStyle": "info",
                  "description": "CleanBC reviews request",
                  "number": 2,
                },
                Object {
                  "badgeStyle": "success",
                  "description": "Request approved",
                  "number": 3,
                },
              ]
            }
          />
        </Col>
      </Row>
      <Relay(OrganisationsComponent)
        confirmOrg={false}
        handleContextChange={[Function]}
        handleInputChange={[Function]}
        handleOrgChange={[Function]}
        handleOrgConfirm={[Function]}
        orgInput=""
        query={
          Object {
            " $fragmentRefs": Object {
              "Organisations_query": true,
            },
            "session": Object {
              " $fragmentRefs": Object {
                "defaultLayout_session": true,
              },
              "ciipUserBySub": Object {
                "id": "ciip-reporter@mailinator.com",
                "rowId": 6,
              },
            },
          }
        }
        selectedOrg={null}
      />
    </Col>
  </Row>
  <style>
    
          h2 {
            font-size: 1.25rem;
          }
        
  </style>
</Relay(DefaultLayout)>
`;
