// Jest Snapshot v1, https://goo.gl/fbAQLP

exports[`The NaicsCodeList component should render a list of NAICS codes 1`] = `
Array [
  <div
    className="jsx-3751310415 scrollable"
    tabIndex={0}
  >
    <div
      className="list-group list-group-flush"
      onKeyDown={[Function]}
    >
      <button
        className="list-group-item list-group-item-action"
        data-rb-event-key={null}
        disabled={false}
        onClick={[Function]}
        onMouseEnter={[Function]}
      >
        description_1
        <br
          className="jsx-3751310415"
        />
        <b
          className="jsx-3751310415"
        >
          123ABC
        </b>
      </button>
      <button
        className="list-group-item list-group-item-action"
        data-rb-event-key={null}
        disabled={false}
        onClick={[Function]}
        onMouseEnter={[Function]}
      >
        some other description
        <br
          className="jsx-3751310415"
        />
        <b
          className="jsx-3751310415"
        >
          999999
        </b>
      </button>
    </div>
  </div>,
  "",
  "",
]
`;
