// Jest Snapshot v1, https://goo.gl/fbAQLP

exports[`NewReportingYearFormDialog Should match last accepted snapshot 1`] = `
<Fragment>
  <Bootstrap(Modal)
    centered={true}
    onHide={[MockFunction]}
    show={true}
    size="lg"
  >
    <ModalHeader
      closeButton={true}
      closeLabel="Close"
    >
      <ModalTitle>
        New Reporting Year
      </ModalTitle>
    </ModalHeader>
    <ModalBody>
      <Container
        fluid={false}
      >
        <Form
          ErrorList={[Function]}
          FieldTemplate={[Function]}
          ObjectFieldTemplate={[Function]}
          disabled={false}
          formData={Object {}}
          liveOmit={true}
          liveValidate={false}
          noHtml5Validate={true}
          noValidate={false}
          omitExtraData={true}
          onSubmit={[Function]}
          safeRenderCompletion={false}
          schema={
            Object {
              "properties": Object {
                "applicationCloseTime": Object {
                  "title": "Application Close Time",
                  "type": "string",
                },
                "applicationOpenTime": Object {
                  "title": "Application Open Time",
                  "type": "string",
                },
                "reportingPeriodEnd": Object {
                  "title": "Reporting Period End",
                  "type": "string",
                },
                "reportingPeriodStart": Object {
                  "title": "Reporting Period Start",
                  "type": "string",
                },
                "reportingYear": Object {
                  "title": "Reporting Year",
                  "type": "integer",
                },
                "swrsDeadline": Object {
                  "title": "Industrial GHG Reporting (SWRS) Deadline",
                  "type": "string",
                },
              },
              "required": Array [
                "reportingYear",
                "swrsDeadline",
                "reportingPeriodStart",
                "reportingPeriodEnd",
                "applicationOpenTime",
                "applicationCloseTime",
              ],
              "type": "object",
            }
          }
          showErrorList={false}
          uiSchema={
            Object {
              "applicationCloseTime": Object {
                "ui:widget": "DatePickerWidget",
              },
              "applicationOpenTime": Object {
                "ui:widget": "DatePickerWidget",
              },
              "reportingPeriodEnd": Object {
                "ui:widget": "DatePickerWidget",
              },
              "reportingPeriodStart": Object {
                "ui:widget": "DatePickerWidget",
              },
              "swrsDeadline": Object {
                "ui:widget": "DatePickerWidget",
              },
            }
          }
          validate={[Function]}
          widgets={
            Object {
              "DatePickerWidget": [Function],
            }
          }
        >
          <Button
            active={false}
            disabled={false}
            type="submit"
            variant="primary"
          >
            Save Reporting Year
          </Button>
        </Form>
      </Container>
    </ModalBody>
  </Bootstrap(Modal)>
  <JSXStyle
    dynamic={
      Array [
        String {
          "0": ".",
          "1": "r",
          "10": "m",
          "100": "o",
          "101": "w",
          "102": ">",
          "103": ".",
          "104": "c",
          "105": "o",
          "106": "l",
          "107": ",",
          "108": ".",
          "109": "n",
          "11": "-",
          "110": "o",
          "111": "-",
          "112": "c",
          "113": "o",
          "114": "l",
          "115": "-",
          "116": "p",
          "117": "a",
          "118": "d",
          "119": "d",
          "12": "r",
          "120": "i",
          "121": "n",
          "122": "g",
          "123": " ",
          "124": ".",
          "125": "f",
          "126": "o",
          "127": "r",
          "128": "m",
          "129": "-",
          "13": "o",
          "130": "r",
          "131": "o",
          "132": "w",
          "133": ">",
          "134": "[",
          "135": "c",
          "136": "l",
          "137": "a",
          "138": "s",
          "139": "s",
          "14": "w",
          "140": "*",
          "141": "=",
          "142": "'",
          "143": "c",
          "144": "o",
          "145": "l",
          "146": "-",
          "147": "'",
          "148": "]",
          "149": "{",
          "15": "{",
          "150": "p",
          "151": "a",
          "152": "d",
          "153": "d",
          "154": "i",
          "155": "n",
          "156": "g",
          "157": ":",
          "158": "0",
          "159": ";",
          "16": "m",
          "160": "}",
          "161": ".",
          "162": "e",
          "163": "r",
          "164": "r",
          "165": "o",
          "166": "r",
          "167": "s",
          "168": "{",
          "169": "m",
          "17": "a",
          "170": "a",
          "171": "r",
          "172": "g",
          "173": "i",
          "174": "n",
          "175": ":",
          "176": "1",
          "177": "e",
          "178": "m",
          "179": " ",
          "18": "r",
          "180": "0",
          "181": " ",
          "182": "0",
          "183": " ",
          "184": "0",
          "185": ";",
          "186": "p",
          "187": "a",
          "188": "d",
          "189": "d",
          "19": "g",
          "190": "i",
          "191": "n",
          "192": "g",
          "193": ":",
          "194": "2",
          "195": "0",
          "196": "p",
          "197": "x",
          "198": ";",
          "199": "b",
          "2": "j",
          "20": "i",
          "200": "a",
          "201": "c",
          "202": "k",
          "203": "g",
          "204": "r",
          "205": "o",
          "206": "u",
          "207": "n",
          "208": "d",
          "209": ":",
          "21": "n",
          "210": "#",
          "211": "c",
          "212": "e",
          "213": "5",
          "214": "c",
          "215": "5",
          "216": "c",
          "217": ";",
          "218": "c",
          "219": "o",
          "22": ":",
          "220": "l",
          "221": "o",
          "222": "r",
          "223": ":",
          "224": "w",
          "225": "h",
          "226": "i",
          "227": "t",
          "228": "e",
          "229": ";",
          "23": "2",
          "230": "f",
          "231": "o",
          "232": "n",
          "233": "t",
          "234": "-",
          "235": "s",
          "236": "i",
          "237": "z",
          "238": "e",
          "239": ":",
          "24": "0",
          "240": "2",
          "241": "0",
          "242": "p",
          "243": "x",
          "244": ";",
          "245": "}",
          "246": "u",
          "247": "l",
          "248": ".",
          "249": "e",
          "25": "p",
          "250": "r",
          "251": "r",
          "252": "o",
          "253": "r",
          "254": "-",
          "255": "d",
          "256": "e",
          "257": "t",
          "258": "a",
          "259": "i",
          "26": "x",
          "260": "l",
          "261": "{",
          "262": "p",
          "263": "a",
          "264": "d",
          "265": "d",
          "266": "i",
          "267": "n",
          "268": "g",
          "269": ":",
          "27": " ",
          "270": "0",
          "271": ";",
          "272": "l",
          "273": "i",
          "274": "s",
          "275": "t",
          "276": "-",
          "277": "s",
          "278": "t",
          "279": "y",
          "28": "0",
          "280": "l",
          "281": "e",
          "282": ":",
          "283": "n",
          "284": "o",
          "285": "n",
          "286": "e",
          "287": ";",
          "288": "}",
          "289": "u",
          "29": " ",
          "290": "l",
          "291": ".",
          "292": "e",
          "293": "r",
          "294": "r",
          "295": "o",
          "296": "r",
          "297": "-",
          "298": "d",
          "299": "e",
          "3": "s",
          "30": "2",
          "300": "t",
          "301": "a",
          "302": "i",
          "303": "l",
          "304": " ",
          "305": "l",
          "306": "i",
          "307": ".",
          "308": "t",
          "309": "e",
          "31": "0",
          "310": "x",
          "311": "t",
          "312": "-",
          "313": "d",
          "314": "a",
          "315": "n",
          "316": "g",
          "317": "e",
          "318": "r",
          "319": "{",
          "32": "p",
          "320": "b",
          "321": "a",
          "322": "c",
          "323": "k",
          "324": "g",
          "325": "r",
          "326": "o",
          "327": "u",
          "328": "n",
          "329": "d",
          "33": "x",
          "330": ":",
          "331": "#",
          "332": "c",
          "333": "e",
          "334": "5",
          "335": "c",
          "336": "5",
          "337": "c",
          "338": ";",
          "339": "c",
          "34": ";",
          "340": "o",
          "341": "l",
          "342": "o",
          "343": "r",
          "344": ":",
          "345": "w",
          "346": "h",
          "347": "i",
          "348": "t",
          "349": "e",
          "35": "}",
          "350": " ",
          "351": "!",
          "352": "i",
          "353": "m",
          "354": "p",
          "355": "o",
          "356": "r",
          "357": "t",
          "358": "a",
          "359": "n",
          "36": ".",
          "360": "t",
          "361": ";",
          "362": "p",
          "363": "a",
          "364": "d",
          "365": "d",
          "366": "i",
          "367": "n",
          "368": "g",
          "369": ":",
          "37": "e",
          "370": "5",
          "371": "p",
          "372": "x",
          "373": ";",
          "374": "}",
          "375": ".",
          "376": "e",
          "377": "x",
          "378": "i",
          "379": "t",
          "38": "m",
          "380": "-",
          "381": "b",
          "382": "u",
          "383": "t",
          "384": "t",
          "385": "o",
          "386": "n",
          "387": "{",
          "388": "c",
          "389": "o",
          "39": "i",
          "390": "l",
          "391": "o",
          "392": "r",
          "393": ":",
          "394": "#",
          "395": "0",
          "396": "0",
          "397": "3",
          "398": "3",
          "399": "6",
          "4": "f",
          "40": "s",
          "400": "6",
          "401": ";",
          "402": "m",
          "403": "a",
          "404": "r",
          "405": "g",
          "406": "i",
          "407": "n",
          "408": "-",
          "409": "l",
          "41": "s",
          "410": "e",
          "411": "f",
          "412": "t",
          "413": ":",
          "414": "5",
          "415": "p",
          "416": "x",
          "417": ";",
          "418": "b",
          "419": "o",
          "42": "i",
          "420": "r",
          "421": "d",
          "422": "e",
          "423": "r",
          "424": "-",
          "425": "c",
          "426": "o",
          "427": "l",
          "428": "o",
          "429": "r",
          "43": "o",
          "430": ":",
          "431": "#",
          "432": "0",
          "433": "0",
          "434": "3",
          "435": "3",
          "436": "6",
          "437": "6",
          "438": ";",
          "439": "}",
          "44": "n",
          "440": ".",
          "441": "e",
          "442": "x",
          "443": "i",
          "444": "t",
          "445": "-",
          "446": "b",
          "447": "u",
          "448": "t",
          "449": "t",
          "45": "-",
          "450": "o",
          "451": "n",
          "452": ":",
          "453": "h",
          "454": "o",
          "455": "v",
          "456": "e",
          "457": "r",
          "458": "{",
          "459": "c",
          "46": "f",
          "460": "o",
          "461": "l",
          "462": "o",
          "463": "r",
          "464": ":",
          "465": "w",
          "466": "h",
          "467": "i",
          "468": "t",
          "469": "e",
          "47": "o",
          "470": " ",
          "471": "!",
          "472": "i",
          "473": "m",
          "474": "p",
          "475": "o",
          "476": "r",
          "477": "t",
          "478": "a",
          "479": "n",
          "48": "r",
          "480": "t",
          "481": ";",
          "482": "b",
          "483": "a",
          "484": "c",
          "485": "k",
          "486": "g",
          "487": "r",
          "488": "o",
          "489": "u",
          "49": "m",
          "490": "n",
          "491": "d",
          "492": ":",
          "493": "#",
          "494": "0",
          "495": "0",
          "496": "7",
          "497": "b",
          "498": "f",
          "499": "f",
          "5": " ",
          "50": " ",
          "500": " ",
          "501": "!",
          "502": "i",
          "503": "m",
          "504": "p",
          "505": "o",
          "506": "r",
          "507": "t",
          "508": "a",
          "509": "n",
          "51": ".",
          "510": "t",
          "511": ";",
          "512": "}",
          "52": "r",
          "53": "j",
          "54": "s",
          "55": "f",
          "56": " ",
          "57": ".",
          "58": "f",
          "59": "o",
          "6": ".",
          "60": "r",
          "61": "m",
          "62": "-",
          "63": "r",
          "64": "o",
          "65": "w",
          "66": "{",
          "67": "m",
          "68": "a",
          "69": "r",
          "7": "f",
          "70": "g",
          "71": "i",
          "72": "n",
          "73": ":",
          "74": "0",
          "75": ";",
          "76": "}",
          "77": ".",
          "78": "n",
          "79": "o",
          "8": "o",
          "80": "-",
          "81": "c",
          "82": "o",
          "83": "l",
          "84": "-",
          "85": "p",
          "86": "a",
          "87": "d",
          "88": "d",
          "89": "i",
          "9": "r",
          "90": "n",
          "91": "g",
          "92": " ",
          "93": ".",
          "94": "f",
          "95": "o",
          "96": "r",
          "97": "m",
          "98": "-",
          "99": "r",
          "__hash": "2037158273",
        },
      ]
    }
    id="2630456174"
  >
    .rjsf .form-row{margin:20px 0 20px;}.emission-form .rjsf .form-row{margin:0;}.no-col-padding .form-row&gt;.col,.no-col-padding .form-row&gt;[class*='col-']{padding:0;}.errors{margin:1em 0 0 0;padding:20px;background:#ce5c5c;color:white;font-size:20px;}ul.error-detail{padding:0;list-style:none;}ul.error-detail li.text-danger{background:#ce5c5c;color:white !important;padding:5px;}.exit-button{color:#003366;margin-left:5px;border-color:#003366;}.exit-button:hover{color:white !important;background:#007bff !important;} #root_reportingYear{width:12em;}
  </JSXStyle>
</Fragment>
`;
